 
  MCI 
  DSD / DSO 
  CRC / MTTR QUALITY REPORT 
  SVER. LVL. 1
 
  ----------------------------------------------- 
  NUMBER OF INCIDENTS = 2398
 
  ----------------------------------------------- 
  MEAN TIME TO REPAIR (MIN.) =   156.85
 
  ----------------------------------------------- 
  % <= 2 HRS. =     75.73
 
  ----------------------------------------------- 
  % < 5 HRS. =     91.91
 
  --------------------------------------- 
  TKT #    REPT PROB    CLOSE CODE   ELM (HRS) 
  -------- ----------   ----------   --------- 
  609476   HOST SHUT    T-1          210.1
 
  609966   SLOW RESP.   OP/PCDR ER     3.0
 
  607864   HOST SHUT    CABLE         27.9
 
  574659   OTHER        SWARE/VNDR     3.2
 
  594665   OTHER        REF-OTH-TK     3.3
 
  513835   BHOST SHUT   0DGTL MODE   427.8
 
  516742   NNODE DOWN   0TRACKING     22.6
 
  537388   JOTHER       0VRSN DNGR     4.5
 
  592272   OTHER        TRACKING       6.0
 
  605753   LEASE LINE   TRACKING      13.3
 
  616409   OTHER        PERIPHERAL    12.0
 
  630115   HOST DOWN    DIGITAL        3.6
 
  630130   HOST DOWN    DIGITAL        3.4
 
  630113   HOST SHUT    HWARE/VNDR     4.4
 
  630202   HOST SHUT    HWARE/VNDR     7.6
 
  630238   OTHER        ANALOG         2.6
 
  630317   NODE DOWN    UNSCHD OUT     3.4
 
  630328   NODE DOWN    DIGITAL        2.4
 
  630343   NODE DOWN    UNSCHD OUT     4.0
 
  630444   NODE DOWN    NODE RLOD      2.7
 
  630449   NODE DOWN    CWT            2.8
 
  630470   PAP PROB.    SYNC MODEM     2.3
 
  630376   NODE DOWN    UNSCHD OUT     3.1
 
  630570   HOST SHUT    DIGITAL        3.3
 
  630760   OTHER        HWARE/VNDR     2.1
 
  630774   HOST SHUT    ANALOG         3.2
 
  630802   HOST SHUT    ANALOG         4.9
 
  630837   OTHER        DOCUMENTN      2.2
 
  630711   HOST SHUT    CWT            2.2
 
  630893   NODE DOWN    CWT            5.6
 
  631002   HOST MSSNG   SLT RLOD       3.8
 
  630576   OTHER        T-1            3.9
 
  630994   USER DRPD.   DOCUMENTN      8.5
 
  631040   NODE DOWN    BOARD         11.6
 
  631082   NODE DOWN    UNSCHD OUT     2.4
 
  631086   NODE DOWN    UNSCHD OUT     6.0
 
  631103   NODE DOWN    ANALOG         3.7
 
  630412   HOST SHUT    SYNC MODEM     2.5
 
  630430   BUSY         CONFIG CHG     2.2
 
  630473   OTHER        DIGITAL        6.5
 
  630517   HOST SHUT    NODE RLOD      6.9
 
  630531   HOST SHUT    OP/PCDR ER     4.6
 
  630600   HOST SHUT    SYNC MODEM     5.5
 
  630613   HOST MSSNG   HWARE/VNDR     4.1
 
  630754   HOST SHUT    BOARD         18.0
 
  630764   HOST SHUT    DIGITAL        8.9
 
  630998   NODE DOWN    UNSCHD OUT     4.1
 
  631083   NODE DOWN    NTF/CWT        2.3
 
  631098   NODE DOWN    NODE RLOD     25.3
 
  631115   NODE DOWN    CABLE          2.9
 
  631123   NODE DOWN    UNSCHD OUT     2.7
 
  631153   NODE DOWN    DIGITAL        4.2
 
  631194   LEASE LINE   DIGITAL        2.5
 
  631222   NODE DOWN    UNSCHD OUT     3.3
 
  631239   OTHER        CONFIG CHG     4.1
 
  631282   NODE DOWN    UNSCHD OUT     2.7
 
  631287   NODE DOWN    UNSCHD OUT     3.5
 
  631341   HOST SHUT    DIGITAL        4.1
 
  630101   NONE         VENDOR         5.4
 
  630737   OTHER        SWARE/VNDR     2.2
 
  630889   OTHER        NTF/CWT        5.2
 
  631242   CUST INQRY   SETUP PROB     3.6
 
  631271   OTHER        KNWN PTCH      2.2
 
  631393   OTHER        HWARE/VNDR     7.4
 
  631397   NODE DOWN    CWT            4.5
 
  631403   HOST SHUT    ANALOG         3.0
 
  631409   NODE DOWN    NODE RLOD      2.7
 
  631437   HOST SHUT    NTF/CWT        3.8
 
  631463   NODE DOWN    CWT            3.2
 
  631552   NODE DOWN    NODE RLOD      2.7
 
  631573   NODE DOWN    UNSCHD OUT     9.1
 
  631582   NODE DOWN    UNSCHD OUT     2.2
 
  631581   HOST SHUT    DIAL-UP        3.7
 
  631597   OTHER        ANALOG         4.9
 
  631637   NODE DOWN    REPL/ENGN      4.9
 
  631654   OTHER        HWARE/VNDR     2.5
 
  630161   HOST SHUT    NTF/CWT        2.1
 
  630192   OTHER        HWARE/VNDR     3.8
 
  631272   OTHER        CWT            8.4
 
  631517   OTHER        P/L RESET      4.7
 
  631575   LEASE LINE   SETUP PROB     2.8
 
  631571   HOST SHUT    SYNC MODEM     3.6
 
  631686   NODE DOWN    BOARD          3.1
 
  631722   OTHER        BOARD          8.5
 
  631743   OTHER        CONFIG CHG     2.9
 
  631861   OTHER        NODE RLOD      2.2
 
  631862   OTHER        NODE RLOD      2.1
 
  630448   OTHER        SLT RLOD       3.7
 
  631035   OTHER        PWR SUPPLY     5.8
 
  631605   OTHER        BOARD          9.4
 
  631721   NODE DOWN    NODE RLOD      5.5
 
  631891   HOST SHUT    ANALOG         4.9
 
  631922   OTHER        OP/PCDR ER     4.3
 
  631965   HOST SHUT    BOARD          4.9
 
  632027   NODE DOWN    NODE RLOD      4.2
 
  632076   NODE DOWN    UNSCHD OUT     2.2
 
  632080   LEASE LINE   NTF/CWT        2.5
 
  632086   NODE DOWN    UNSCHD OUT     2.9
 
  632087   NODE DOWN    UNSCHD OUT     2.1
 
  632094   NODE DOWN    CWT            2.3
 
  632117   NODE DOWN    CWT            2.2
 
  632127   LEASE LINE   DIGITAL        2.2
 
  632197   NODE DOWN    NTF/CWT        2.4
 
  619133   OTHER        CONFIG CHG  1324.5
 
  630027   OTHER        SLOT H&E       2.1
 
  631619   LEASE LINE   PROJECT        2.4
 
  631999   OTHER        PERIPHERAL     3.1
 
  632209   OTHER        CABLE          4.8
 
  632418   NODE DOWN    DIGITAL        2.6
 
  632471   NODE DOWN    ANALOG         6.9
 
  632494   HOST SHUT    ASYC MODEM     5.9
 
  629159   OTHER        CHANGE         3.0
 
  632446   SEC VIOL     NTF/CWT        4.6
 
  632522   NODE DOWN    ANALOG         4.0
 
  632528   NODE DOWN    UNSCHD OUT     3.1
 
  632531   NODE DOWN    REPL/ENGN      2.7
 
  632542   OTHER        DOWNTIME       2.1
 
  632569   NODE DOWN    UNSCHD OUT     3.0
 
  628555   NODE DOWN    CWT            2.0
 
  630127   OTHER        BOARD          4.7
 
  630990   OTHER        HWARE/VNDR    24.7
 
  631376   OTHER        CWT            7.7
 
  631994   OTHER        CONFIG CHG    16.8
 
  632104   HOST SHUT    BRDG/RTR       2.4
 
  632350   LEASE LINE   SETUP PROB     2.6
 
  632395   HOST MSSNG   SLT RLOD       3.5
 
  632403   OTHER        DIGITAL       10.5
 
  632546   CHRONIC      NTF/CWT        3.1
 
  632592   HOST DOWN    NTF/CWT        2.3
 
  632596   NODE DOWN    UNSCHD OUT     3.6
 
  632599   HOST DOWN    CWT            2.8
 
  632706   HOST SHUT    HWARE/VNDR     2.4
 
  632724   RTR DOWN     DIGITAL        2.8
 
  632727   NODE DOWN    CWT            2.1
 
  630294   OTHER        T-1           25.2
 
  632157   HOST MSSNG   CWT            2.3
 
  632155   HOST MSSNG   CWT            2.4
 
  632392   OTHER        ANALOG         4.3
 
  632578   OTHER        NTF/CWT       11.7
 
  632743   HOST SHUT    CWT            2.1
 
  632747   NODE DOWN    NODE RLOD      2.9
 
  632748   HOST SHUT    BOARD          8.6
 
  632797   OTHER        DIGITAL        4.0
 
  632899   NODE DOWN    BOARD          4.6
 
  632940   NODE DOWN    NODE RLOD      3.2
 
  632972   HOST SHUT    ANALOG         3.2
 
  632089   OTHER        SWARE/VNDR     2.6
 
  632610   LEASE LINE   DIGITAL       13.4
 
  632652   OTHER        BRDG/RTR       2.7
 
  632736   NODE DOWN    UNSCHD OUT     4.1
 
  632943   SLOW RESP.   CONFIG CHG     2.7
 
  633024   HOST SHUT    NTF/CWT        4.2
 
  633031   NODE DOWN    UNSCHD OUT     2.5
 
  633040   HOST SHUT    DGTL MODEM     7.0
 
  633034   HOST DOWN    SWARE/VNDR     3.2
 
  633078   NODE DOWN    UNSCHD OUT     3.6
 
  633088   HOST MSSNG   SLOT H&E       6.6
 
  633111   HOST SHUT    P/L RESET      5.2
 
  633120   NODE DOWN    NTF/CWT        5.6
 
  633187   NODE DOWN    NODE RLOD      2.3
 
  633191   NODE DOWN    CWT            5.0
 
  633216   LEASE LINE   DIGITAL        4.8
 
  633218   HOST SHUT    T-1            6.6
 
  633283   HOST SHUT    DIGITAL        6.6
 
  633210   OTHER        DIGITAL        4.8
 
  633233   HOST SHUT    SDUMP&RLOD     2.3
 
  633244   HOST SHUT    HWARE/VNDR     5.6
 
  633267   HOST DOWN    HWARE/VNDR    11.3
 
  633273   RTR DOWN     PWR SUPPLY     3.4
 
  633305   HOST SHUT    SWARE/VNDR     7.6
 
  633321   OTHER        DIGITAL        2.3
 
  633327   NODE DOWN    DIGITAL        7.3
 
  633332   OTHER        NTF/CWT        2.9
 
  633348   NODE DOWN    DIGITAL        3.8
 
  633309   HOST SHUT    NODE RLOD      3.2
 
  633430   NODE DOWN    UNSCHD OUT     2.2
 
  633602   HOST DOWN    BOARD          5.1
 
  633621   NODE DOWN    UNSCHD OUT     3.0
 
  632939   HOST SHUT    SS 800/950     5.5
 
  633377   HOST DOWN    SLT RLOD       8.7
 
  633571   LEASE LINE   DIGITAL       12.6
 
  633588   NODE DOWN    BOARD         12.3
 
  633603   HOST SHUT    NTF/CWT        4.5
 
  633609   HOST SHUT    BOARD          4.1
 
  633631   OTHER        HWARE/VNDR     4.1
 
  633649   NODE DOWN    NTF/CWT        2.9
 
  633657   OTHER        CABLE          2.3
 
  633731   NODE DOWN    UNSCHD OUT    11.5
 
  633738   NODE DOWN    UNSCHD OUT     7.1
 
  633809   HOST SHUT    DIGITAL        2.8
 
  633854   NODE DOWN    BPLN/CHASS     6.4
 
  633904   LEASE LINE   CWT            5.8
 
  633918   NODE DOWN    PWR SUPPLY     2.0
 
  633928   HOST SHUT    HWARE/VNDR     4.2
 
  633929   OTHER        CABLE          3.2
 
  633963   HOST MSSNG   SDUMP&RLOD     2.9
 
  629173   OTHER        BOARD          3.6
 
  633937   NODE DOWN    NODE RLOD      4.0
 
  633959   OTHER        PWR SUPPLY     3.7
 
  634030   HOST MSSNG   NTF/CWT        4.0
 
  634065   OTHER        NDUMP&RLOD     3.3
 
  629133   OTHER        DOCUMENTN      4.4
 
  633293   NODE DOWN    BOARD          3.0
 
  634019   UTIL CODE    SLT RLOD       2.0
 
  634123   OTHER        CWT            3.8
 
  634159   OTHER        PROJECT        3.4
 
  634163   CUST INQRY   SWARE/VNDR     2.3
 
  634172   NODE DOWN    VENDOR         3.6
 
  629101   NODE DOWN    NDUMP&RLOD     2.8
 
  629738   HOST SHUT    KNWN PTCH      8.7
 
  630832   HOST DOWN    SYNC MODEM    39.5
 
  632655   HOST SHUT    ANALOG         7.9
 
  632682   HOST MSSNG   CONFIG CHG     3.8
 
  632962   OTHER        BRDG/RTR       2.3
 
  633041   NODE DOWN    PWR SUPPLY     5.7
 
  633288   HOST SHUT    SYNC MODEM     9.1
 
  633556   NODE DOWN    PWR SUPPLY    17.1
 
  633810   HOST DOWN    DIGITAL        4.0
 
  633941   OTHER        NTF/CWT        4.4
 
  634029   LEASE LINE   NTF/CWT        3.6
 
  634072   OTHER        DIGITAL        3.2
 
  634151   HOST SHUT    DIGITAL        2.6
 
  634166   RTR DOWN     NTF/CWT        3.3
 
  634194   LEASE LINE   REF-OTH-TK     2.6
 
  634216   HOST DOWN    BRDG/RTR       2.5
 
  634230   RTR DOWN     VRSN UPGRD     5.4
 
  634242   HOST DOWN    DOWNTIME       2.7
 
  634248   HOST DOWN    TRACKING       4.1
 
  634332   NODE DOWN    SWARE/VNDR     2.2
 
  634389   OTHER        VALIDATION     3.7
 
  634392   NODE DOWN    ANALOG         2.2
 
  633253   HOST SHUT    ASYC MODEM    25.3
 
  633739   NODE DOWN    UNSCHD OUT     7.3
 
  633951   OTHER        DIGITAL        6.5
 
  634106   OTHER        BOARD          5.9
 
  634174   NODE DOWN    PWR SUPPLY    10.1
 
  634399   OTHER        CUST. SITE     7.7
 
  634440   NODE DOWN    NODE RLOD      2.2
 
  634439   OTHER        CABLE          4.7
 
  634465   NODE DOWN    ANALOG         2.7
 
  634564   OTHER        ANALOG         2.9
 
  634565   LEASE LINE   DIGITAL        2.0
 
  634671   NODE DOWN    DOWNTIME       2.6
 
  625332   OTHER        PROJECT        5.3
 
  634190   HOST SHUT    PERIPHERAL     4.8
 
  634395   OTHER        BOARD          6.7
 
  634472   OTHER        BOARD          2.7
 
  634485   NODE DOWN    REPL/ENGN      9.0
 
  634578   LEASE LINE   ANALOG        11.7
 
  634583   OTHER        SDUMP&RLOD     2.7
 
  634670   LEASE LINE   OP/PCDR ER     2.9
 
  634688   OTHER        NTF/CWT        2.3
 
  634733   NODE DOWN    REPL/ENGN      4.9
 
  634755   LEASE LINE   DOWNTIME       2.0
 
  634960   HOST SHUT    ASYC MODEM     3.8
 
  634975   HOST SHUT    DIGITAL        4.7
 
  634991   USER DRPD.   SLT RLOD       2.7
 
  635050   OTHER        SWARE/VNDR     3.4
 
  633446   HOST MSSNG   SLT RLOD       5.7
 
  634591   NODE DOWN    PWR SUPPLY    45.0
 
  635020   NODE DOWN    NODE RLOD      4.4
 
  635025   OTHER        DIGITAL        5.9
 
  635069   NODE DOWN    SCHD OUT       5.5
 
  635071   OTHER        CUST. SITE     3.1
 
  635235   NODE DOWN    NODE RLOD      8.1
 
  635267   NODE DOWN    NODE RLOD      2.2
 
  635268   HOST DOWN    HWARE/VNDR     7.8
 
  630768   RTR DOWN     DOCUMENTN      3.1
 
  635063   HOST SHUT    SS 800/950    12.5
 
  635135   HOST SHUT    CWT            4.1
 
  635228   LEASE LINE   T-1           10.6
 
  635394   NODE DOWN    UNSCHD OUT     3.9
 
  635416   NODE DOWN    NTF/CWT       15.7
 
  635428   OTHER        CWT            3.5
 
  635472   NODE DOWN    PROJECT        4.0
 
  635489   HOST SHUT    DIGITAL        4.1
 
  635559   NODE DOWN    NODE RLOD      4.1
 
  635600   OTHER        DIGITAL        2.2
 
  635651   HOST SHUT    HWARE/VNDR     3.2
 
  635683   HW/MS LINK   HWARE/VNDR     4.9
 
  635696   NODE DOWN    SETUP PROB     4.6
 
  635818   HOST SHUT    ANALOG         6.6
 
  635415   OTHER        CWT            6.4
 
  635880   NODE DOWN    UNSCHD OUT     4.7
 
  635888   NODE DOWN    NODE RLOD      9.2
 
  635889   NODE DOWN    CWT            2.9
 
  635897   NODE DOWN    NODE RLOD      5.4
 
  635901   NODE DOWN    UNSCHD OUT     2.4
 
  633607   OTHER        DOCUMENTN     12.4
 
  633667   HOST DOWN    KNWN PTCH      2.6
 
  634416   OTHER        CUST. SITE     7.9
 
  634819   NODE DOWN    CWT           35.3
 
  635144   HOST SHUT    SWARE/VNDR     2.5
 
  635368   OTHER        SLT RLOD       3.7
 
  635388   USER DRPD.   VALIDATION     3.2
 
  635393   OTHER        OP/PCDR ER     2.8
 
  635437   HOST SHUT    ASYC MODEM     4.2
 
  635632   CUST INQRY   OP/PCDR ER     4.9
 
  635705   NODE DOWN    NODE RLOD      5.7
 
  635827   OTHER        DOWNTIME       2.2
 
  635852   NODE DOWN    UNSCHD OUT    21.7
 
  635875   OTHER        DIGITAL        2.1
 
  635914   NODE DOWN    UNSCHD OUT     6.8
 
  635966   HOST SHUT    NTF/CWT        2.8
 
  636069   HOST SHUT    ANALOG         7.3
 
  634009   OTHER        TRACKING      11.0
 
  635001   OTHER        DIGITAL        5.5
 
  635091   OTHER        SWARE/VNDR     9.2
 
  635269   OTHER        HWARE/VNDR     3.1
 
  635477   HOST DOWN    DOWNTIME       2.5
 
  635638   NODE DOWN    NTF/CWT        2.2
 
  636087   HOST SHUT    CWT            2.9
 
  636128   HOST DOWN    ANALOG         2.4
 
  636168   NODE DOWN    BOARD          2.3
 
  636187   NR TO TID    NODE RLOD      2.0
 
  636199   OTHER        BRDG/RTR       4.0
 
  636210   OTHER        CWT            2.5
 
  636305   NODE DOWN    SWARE CNFG     2.1
 
  634407   OTHER        PROJECT        4.4
 
  634442   HOST SHUT    HWARE/VNDR     6.5
 
  634735   SLOW RESP.   ANALOG        11.0
 
  635644   HOST SHUT    CWT            5.9
 
  635689   OTHER        NTF/CWT        2.6
 
  635690   OTHER        NTF/CWT        2.2
 
  636051   OTHER        DIGITAL       11.0
 
  636205   OTHER        DIGITAL       17.3
 
  636406   NODE DOWN    CWT            2.1
 
  636420   OTHER        T-1            2.7
 
  636428   HOST DOWN    CWT            9.8
 
  636433   HOST DOWN    DGTL MODEM     5.8
 
  636515   OTHER        CWT            3.1
 
  636624   OTHER        DIGITAL        5.8
 
  636658   NODE DOWN    UNSCHD OUT     2.5
 
  636663   HOST SHUT    DIGITAL        2.7
 
  636724   NODE DOWN    UNSCHD OUT     2.5
 
  636712   HOST SHUT    ANALOG         4.7
 
  636723   HOST SHUT    ANALOG         4.2
 
  636805   NODE DOWN    NODE RLOD      3.5
 
  636902   HOST SHUT    SWARE/VNDR     2.9
 
  636986   NODE DOWN    NODE RLOD      2.4
 
  633946   LEASE LINE   HWARE/VNDR    34.6
 
  636172   OTHER        SLOT H&E       3.6
 
  636605   LEASE LINE   ANALOG         4.1
 
  636866   LEASE LINE   ANALOG         2.2
 
  636655   NONE         P/L RESET      2.3
 
  637041   LEASE LINE   HWARE/VNDR     4.4
 
  637141   SEC VIOL     SLOT H&E       6.8
 
  637149   NODE DOWN    SYNC MODEM     6.5
 
  637172   HOST SHUT    DIGITAL        5.3
 
  627886   OTHER        TRACKING       3.6
 
  634709   OTHER        DOWNTIME       2.9
 
  635872   OTHER        DIGITAL       16.7
 
  637301   LEASE LINE   ANALOG         3.9
 
  637370   NODE DOWN    NODE RLOD      2.0
 
  637121   HOST SHUT    ANALOG         6.8
 
  637300   NODE DOWN    UNSCHD OUT     2.3
 
  637458   NODE DOWN    UNSCHD OUT     3.3
 
  636072   OTHER        PROJECT        4.5
 
  636096   HOST SHUT    HWARE/VNDR     3.0
 
  636456   HOST SHUT    CABLE          4.6
 
  636744   OTHER        DIAL-UP       18.3
 
  637150   HOST DOWN    HWARE/VNDR     6.4
 
  637273   HOST SHUT    HWARE/VNDR     4.1
 
  637285   LEASE LINE   DIGITAL        3.6
 
  637412   OTHER        CWT           10.0
 
  637435   LEASE LINE   NTF/CWT        6.7
 
  637460   NODE DOWN    SCHD OUT       2.9
 
  637487   NODE DOWN    CWT            3.1
 
  637504   NODE DOWN    NODE RLOD      2.5
 
  637505   NODE DOWN    UNSCHD OUT     2.4
 
  637599   NODE DOWN    UNSCHD OUT     3.9
 
  637658   HOST SHUT    DIGITAL        3.8
 
  637680   OTHER        CWT            4.9
 
  637682   NODE DOWN    NTF/CWT        2.5
 
  637707   NODE DOWN    ANALOG         2.2
 
  625540   HOST SHUT    DIAL-UP        2.6
 
  626346   OTHER        VENDOR         7.8
 
  636395   HOST DOWN    TRACKING       5.0
 
  637177   HOST SHUT    NTF/CWT        3.8
637243   HOST DOWN    NODE RLOD      4.2
 
  637627   NODE DOWN    NODE RLOD      5.1
 
  637704   OTHER        HWARE/VNDR     8.1
 
  637717   HOST SHUT    DIGITAL        6.9
 
  637718   NODE DOWN    DIGITAL        2.1
 
  637739   OTHER        NTF/CWT        2.1
 
  637792   HOST SHUT    HWARE/VNDR    11.7
 
  637819   NODE DOWN    NODE RLOD      8.3
 
  637872   LEASE LINE   HWARE/VNDR     4.7
 
  637873   LEASE LINE   HWARE/VNDR     2.4
 
  637882   LEASE LINE   NTF/CWT        2.2
 
  638010   OTHER        DOCUMENTN      2.6
 
  628841   OTHER        CFG GL EXC     9.0
 
  631428   LEASE LINE   BOARD          2.4
 
  636443   OTHER        DIGITAL        6.1
 
  637629   HOST SHUT    DIGITAL        2.2
 
  638006   NODE DOWN    REPL/ENGN      5.4
 
  638004   RTR DOWN     NTF/CWT        4.7
 
  638011   NODE DOWN    ANALOG         4.8
 
  638024   NODE DOWN    PWR SUPPLY    23.0
 
  638045   NODE RSTRT   T-1            3.9
 
  638055   HOST DOWN    ANALOG         2.3
 
  638072   NODE DOWN    NODE RLOD      3.9
 
  638083   OTHER        DIGITAL        6.7
 
  638113   HOST MSSNG   DOCUMENTN      3.9
 
  638120   NODE DOWN    CUST. SITE     4.5
 
  638134   NODE DOWN    UNSCHD OUT     3.1
 
  638140   LEASE LINE   DIGITAL        9.1
 
  638299   NODE DOWN    BOARD          2.9
 
  638340   NODE DOWN    BPLN/CHASS     2.7
 
  638357   NODE DOWN    UNSCHD OUT     2.9
 
  638367   NODE DOWN    TRACKING       2.4
 
  638379   NODE DOWN    UNSCHD OUT     2.4
 
  637638   NODE DOWN    DIGITAL       11.9
 
  638201   PERIPHERAL   PERIPHERAL     2.8
 
  638215   OTHER        REF-OTH-TK     8.6
 
  638293   OTHER        DIGITAL        4.4
 
  638337   OTHER        NTF/CWT        3.1
 
  638346   NODE DOWN    NTF/CWT        3.3
 
  638390   NODE DOWN    NODE RLOD      3.9
 
  638403   NODE DOWN    ANALOG         3.7
 
  638435   OTHER        SWARE/VNDR     2.9
 
  638444   OTHER        CWT            3.2
 
  638517   NODE DOWN    NODE RLOD      3.3
 
  638522   OTHER        BOARD          2.9
 
  638533   OTHER        NODE RLOD      6.2
 
  638543   LEASE LINE   CWT            2.3
 
  638663   NODE DOWN    REF-OTH-TK     2.2
 
  627447   HOST SHUT    T-1           36.4
 
  633694   OTHER        IRC/PTT       15.9
 
  636448   HOST SHUT    SYNC MODEM     4.8
 
  636657   LEASE LINE   DIGITAL        3.8
 
  636700   LEASE LINE   DIGITAL        6.1
 
  636948   HOST DOWN    ANALOG         4.9
 
  637478   NODE DOWN    UNSCHD OUT     7.9
 
  637698   HOST MSSNG   ANALOG         4.1
 
  638404   NODE DOWN    NODE RLOD     21.3
 
  638573   SLOW RESP.   DIGITAL        2.9
 
  638580   OTHER        CWT            7.2
 
  638631   HOST DOWN    DOWNTIME       7.5
 
  638637   OTHER        DIGITAL        9.9
 
  638656   NODE DOWN    T-1            2.3
 
  638657   NODE DOWN    UNSCHD OUT     5.8
 
  638667   NODE DOWN    UNSCHD OUT     5.6
 
  638679   OTHER        HUMAN ERR      5.4
 
  638685   HOST DOWN    NTF/CWT        2.0
 
  638693   HOST DOWN    NTF/CWT        3.3
 
  638708   OTHER        DIGITAL        3.2
 
  638725   NODE DOWN    UNSCHD OUT     3.0
 
  638734   LEASE LINE   REF-OTH-TK     2.1
 
  638735   OTHER        CUST. SITE     3.5
 
  638741   HOST SHUT    OP/PCDR ER     4.7
 
  638751   LEASE LINE   CWT            6.0
 
  638800   LEASE LINE   CUST. SITE     2.2
 
  638818   NODE DOWN    PWR SUPPLY     2.3
 
  638844   HOST SHUT    HWARE/VNDR     4.9
 
  638853   HOST SHUT    NTF/CWT        2.4
 
  638856   OTHER        CUST. SITE     6.4
 
  638872   HOST DOWN    DIGITAL        2.1
 
  638888   NODE DOWN    NODE RLOD      3.8
 
  638923   RTR DOWN     OP/PCDR ER     2.8
 
  638929   HOST DOWN    SYNC MODEM     3.0
 
  638898   HOST DOWN    OP/PCDR ER     7.8
 
  638940   OTHER        NTF/CWT        3.5
 
  639012   HOST SHUT    DOWNTIME       5.1
 
  639051   HOST SHUT    CABLE          4.6
 
  639094   NODE DOWN    NODE RLOD      7.7
 
  639100   HOST SHUT    NTF/CWT        3.0
 
  639107   NODE DOWN    BOARD          3.5
 
  639111   HOST DOWN    DIGITAL        2.3
 
  639116   NODE DOWN    NODE RLOD      5.6
 
  621220   OTHER        ANALOG         8.9
 
  628526   OTHER        SWARE/VNDR     5.2
 
  629790   OTHER        DIGITAL        3.1
 
  638405   OTHER        DOWNTIME       2.8
 
  638945   OTHER        CONFIG CHG     3.6
 
  639082   NODE DOWN    UNSCHD OUT     2.4
 
  639300   BUSY         HUMAN ERR      7.6
 
  637542   HOST DOWN    HWARE/VNDR     2.6
 
  637604   HOST DOWN    DIAL-UP       11.3
 
  637977   HOST SHUT    SYNC MODEM     5.9
 
  638266   OTHER        IRC/PTT        4.4
 
  638324   RTR DOWN     SWARE/VNDR     4.1
 
  638571   HOST SHUT    HUMAN ERR     18.1
 
  638623   NODE DOWN    ANALOG         4.9
 
  638674   OTHER        CWT            2.8
 
  638916   RNA          DIAL-UP       29.3
 
  638958   HOST MSSNG   BOARD          3.2
 
  638971   OTHER        DIGITAL       18.3
 
  639010   OTHER        CFG GL EXC     4.9
 
  639011   NODE DOWN    UNSCHD OUT     7.1
 
  639182   OTHER        ANALOG        15.0
 
  639368   HOST DOWN    P/L RESET      6.9
 
  639378   HOST SHUT    REF-OTH-TK     6.6
 
  639386   OTHER        VALIDATION    12.3
 
  639431   HOST SHUT    ANALOG        10.2
 
  639432   OTHER        CHANGE         2.4
 
  639433   OTHER        P/L RESET      5.3
 
  639441   NODE DOWN    UNSCHD OUT     2.2
 
  639451   HOST SHUT    SYNC MODEM     2.1
 
  639452   NODE DOWN    UNSCHD OUT     4.3
 
  639503   NODE DOWN    UNSCHD OUT     3.3
 
  639553   OTHER        VALIDATION     3.7
 
  639575   OTHER        VALIDATION     2.2
 
  639582   OTHER        BOARD          3.9
 
  636630   NODE DOWN    NTF/CWT        2.2
 
  639428   NODE DOWN    UNSCHD OUT    14.3
 
  639457   HOST SHUT    DIGITAL        8.1
 
  639606   OTHER        CWT            2.4
 
  639705   RTR DOWN     CWT            5.2
 
  639712   HOST SHUT    ANALOG         3.9
 
  639718   NODE DOWN    UNSCHD OUT     2.6
 
  639730   RTR DOWN     BRDG/RTR       3.2
 
  639760   OTHER        HUMAN ERR      8.3
 
  639888   HOST SHUT    HUMAN ERR      6.4
 
  639932   OTHER        DIGITAL        5.1
 
  639939   HOST SHUT    TRACKING       4.0
 
  639963   NODE DOWN    NODE RLOD      2.8
 
  639233   NODE DOWN    IRC/PTT        3.3
 
  639297   HOST SHUT    CWT            3.1
 
  639365   NODE DOWN    SLT RLOD       3.3
 
  639583   LEASE LINE   NTF/CWT        8.7
 
  639708   OTHER        SWARE/VNDR     2.8
 
  639804   OTHER        NTF/CWT        6.8
 
  639954   USER DRPD.   NTF/CWT        7.4
 
  639990   NODE DOWN    UNSCHD OUT     4.1
 
  639997   OTHER        DIGITAL        4.6
 
  640035   OTHER        CWT            2.3
 
  640098   NODE DOWN    NODE RLOD      8.0
 
  640105   NODE DOWN    NODE RLOD      6.4
 
  640234   SEC VIOL     DOCUMENTN      3.6
 
  639417   HOST SHUT    SWARE/VNDR     7.4
 
  639605   OTHER        CONFIG CHG     3.8
 
  639651   OTHER        CWT            3.2
 
  639715   OTHER        NTF/CWT        7.0
 
  639942   OTHER        SWARE/VNDR     3.2
 
  639969   HOST SHUT    PROJECT        7.0
 
  639998   HOST SHUT    ANALOG         8.0
 
  640163   NODE DOWN    UNSCHD OUT     4.7
 
  640177   HOST SHUT    ANALOG         3.8
 
  640286   HOST DOWN    NTF/CWT        3.5
 
  640287   RNA          NDUMP&RLOD     4.7
 
  640313   OTHER        NTF/CWT        3.8
 
  640319   HOST SHUT    NTF/CWT        3.0
 
  640478   OTHER        NODE RLOD      4.8
 
  640512   HOST SHUT    HWARE/VNDR     2.1
 
  638719   OTHER        NEW PTCH       4.5
 
  639005   OTHER        BOARD          2.3
 
  640250   HOST DOWN    NTF/CWT       15.0
 
  640571   USER DRPD.   NTF/CWT        2.3
 
  640602   LEASE LINE   CWT            3.0
 
  640604   NODE DOWN    UNSCHD OUT     4.1
 
  640617   NODE DOWN    NODE RLOD      3.5
 
  640651   OTHER        T-1            7.0
 
  640672   LEASE LINE   HWARE/VNDR     6.4
 
  640718   NODE DOWN    BOARD          2.3
 
  628491   OTHER        DIGITAL       15.2
 
  637610   OTHER        SYNC MODEM    10.0
 
  638771   OTHER        BOARD         11.7
 
  639912   OTHER        KNWN PTCH     12.3
 
  640069   HOST MSSNG   KNWN PTCH      5.6
 
  640475   OTHER        NTF/CWT        2.5
 
  640584   NODE DOWN    OP/PCDR ER     3.4
 
  640619   LEASE LINE   HWARE/VNDR     3.9
 
  640632   NODE DOWN    SDUMP&RLOD    16.4
 
  640716   NODE DOWN    DIGITAL        3.3
 
  640751   NODE DOWN    NODE RLOD      2.4
 
  640767   NODE DOWN    NDUMP&RLOD     2.4
 
  640942   HOST SHUT    CWT            3.1
 
  640969   NODE DOWN    ANALOG         4.0
 
  631317   HOST SHUT    KNWN PTCH      6.6
 
  636716   OTHER        HWARE/VNDR     2.4
 
  639680   OTHER        T-1            5.0
 
  640350   LEASE LINE   BRDG/RTR      13.1
 
  640515   RTR DOWN     CWT           13.5
 
  640874   LEASE LINE   ANALOG         2.4
 
  641021   NODE DOWN    CONFIG CHG     3.7
 
  641057   HOST SHUT    PROJECT        8.0
 
  641207   LEASE LINE   NTF/CWT        5.7
 
  641273   OTHER        NODE RLOD      2.2
 
  641287   NODE DOWN    REPL/ENGN      4.5
 
  641300   OTHER        CABLE          3.1
 
  641341   OTHER        HUMAN ERR      2.5
    *=R