 
  MCI/DSD 
  DSO/CRC 
  FRAME RELAY FAULT MANAGEMENT REPORT 
  SVER. LVL. 1
 
  ----------------------------------------------- 
  NUMBER OF INCIDENTS =   44
 
  ----------------------------------------------- 
  MEAN TIME TO REPAIR (MIN.) =    93.77
 
  ----------------------------------------------- 
  % <= 2 HRS. =     81.82
 
  ----------------------------------------------- 
  ----------------------------------------------- 
  % <= 5 HRS. =     95.45
 
  ----------------------------------------------- 
  % < 10 HRS. =     97.73
 
  --------------------------------------- 
  TKT #    REPT PROB    CLOSE CODE   ELM (HRS) 
  -------- ----------   ----------   --------- 
  662635   OTHER        UNSCHD OUT     6.2
 
  663227   OTHER        DGTL MODEM     2.5
 
  662654   OTHER        IPX FAIL      20.5
 
  662735   OTHER        CWT            3.0
 
  662871   OTHER        BRDG/RTR       4.2
 
  662911   OTHER        OP/PCDR ER     2.3
 
  662928   OTHER        CONFIG CHG     4.7
 
  662693   OTHER        BRDG/RTR       3.9
