 
  MCI 
  DATA SERVICE DIVISION 
  DATA SERVICE OPERATIONS 
  SVER. LVL. I & II 
  ----------------------------------------------- 
  NUMBER OF INCIDENTS =  431
 
  ----------------------------------------------- 
  TOTAL DOWN TIME (MIN.) =    103697.00
 
  TOTAL DEFER TIME (MIN.) =         2320
 
  MEAN TIME TO REPAIR (MIN.) =   240.60
 
  ----------------------------------------------- 
  % <= 2 HRS. =     51.97
 
  ----------------------------------------------- 
  % < 5 HRS. =     77.03
 
  --------------------------------------- 
  TKT #    REPT PROB    CLOSE CODE   ELM (HRS)   SVER   DEFER 
  -------- ----------   ----------   ---------   ----   ------ 
  595108   NR TO TID    NTF/CWT        6.9        2       0
 
  594738   GARBAGE      NTF/CWT       11.0        2      86
 
  594795   NODE DOWN    SYNC MODEM    10.6        1      73
 
  595038   OTHER        SWARE CNFG     8.3        1       2
 
  595092   NO CARRIER   ASYC MODEM    10.9        2       5
 
  595103   RNA          ASYC MODEM     9.6        2       9
 
  595109   OTHER        CWT            2.7        1      12
 
  595110   HOST SHUT    ANALOG        28.0        1       0
 
  595112   OTHER        CONFIG CHG    11.9        1       0
 
  595123   NODE DOWN    NTF/CWT        3.0        1       6
 
  595120   RNA          NTF/CWT        7.4        2       0
 
  595146   RNA          ASYC MODEM     7.3        2       0
 
  595149   NO CARRIER   SYNC MODEM     4.4        2      14
 
  595152   OTHER        REPL/ENGN      3.4        1      16
 
  595159   OTHER        SETUP PROB     7.2        2       0
 
  595160   NR TO TID    ASYC MODEM     6.6        2       0
 
  595167   NODE DOWN    UNSCHD OUT     2.3        1       0
 
  595165   OTHER        PROJECT        4.4        1      14
 
  595166   OTHER        CABLE          2.6        2      16
 
  595183   NODE DOWN    CUST. SITE    12.5        1       0
 
  595206   RNA          NODE RLOD      6.3        2       0
 
  595266   LEASE LINE   NTF/CWT        4.4        2       0
 
  595290   RNA          ASYC MODEM     5.3        2       0
 
  595293   NODE DOWN    UNSCHD OUT     3.8        1       0
 
  595296   RNA          NTF/CWT        7.8        2       0
 
  595311   OTHER        DOCUMENTN      6.0        2       0
 
  595320   OTHER        SLT RLOD       4.4        1       0
 
  595349   NODE DOWN    UNSCHD OUT     2.9        1       0
 
  595333   GARBAGE      ASYC MODEM     4.6        2       0
 
  595359   OTHER        HWARE/VNDR     3.4        2       0
 
  595365   RNA          ASYC MODEM     3.0        2       0
 
  595369   HOST SHUT    OP/PCDR ER     2.8        1       0
 
  595375   HOST SHUT    SYNC MODEM     2.4        1       0
 
  594667   SLOW RESP.   NTF/CWT       10.5        2     111
 
  594759   HOST SHUT    ANALOG         2.7        1     117
 
  594786   OTHER        SLT RLOD      11.4        2      78
 
  594845   RNA          DIAL-UP       76.4        2       0
 
  594869   LEASE LINE   PROJECT        6.5        2      44
 
  595140   LEASE LINE   BRDG/RTR       6.0        1       0
 
  595188   LEASE LINE   DIGITAL        5.8        1      15
 
  595224   HOST SHUT    SWARE/VNDR     4.6        1       5
 
  595316   HOST SHUT    DIGITAL       26.7        1       0
 
  595325   OTHER        NTF/CWT        4.6        1      19
 
  595377   GARBAGE      ANALOG         9.1        2       0
 
  595391   OTHER        REF-OTH-TK     3.2        1       9
 
  595392   HOST SHUT    ANALOG         7.8        1       0
 
  595393   RNA          ASYC MODEM     4.8        2       0
 
  595395   OTHER        DIGITAL        2.7        1       0
 
  595398   HOST SHUT    DIGITAL        4.8        1       0
 
  595411   RNA          ASYC MODEM     4.1        2       0
 
  595424   RNA          SYNC MODEM     6.3        2       0
 
  595427   RNA          NODE RLOD      3.6        2       0
 
  595440   RNA          SLOT H&E       2.4        2       0
 
  595444   RNA          ASYC MODEM     3.0        2       0
 
  595455   BUSY         NTF/CWT        2.2        2       0
 
  595456   NODE DOWN    UNSCHD OUT     2.4        1       0
 
  595466   NR TO TID    ASYC MODEM     3.7        2       0
 
  595489   OTHER        CWT            5.1        2       5
 
  595498   HOST MSSNG   NTF/CWT        6.9        1       0
 
  595523   LEASE LINE   NTF/CWT        4.5        1       0
 
  595538   NODE DOWN    UNSCHD OUT     3.6        1       0
 
  595541   NODE DOWN    BOARD          3.3        1       0
 
  595542   NODE DOWN    BOARD          3.6        1       0
 
  595545   NODE DOWN    BOARD          3.4        1       0
 
  595560   USER DRPD.   NTF/CWT        6.1        2       0
 
  595575   GARBAGE      DOCUMENTN      4.0        2       0
 
  595587   TONE, NR     NDUMP&RLOD     3.0        2       0
 
  595617   GARBAGE      NTF/CWT        5.3        2       0
 
  595624   GARBAGE      HWARE/VNDR     3.4        1       0
 
  595625   NO CARRIER   NTF/CWT        3.1        2       0
 
  595616   USER DRPD.   SLOT H&E       2.2        1       0
 
  595631   RTR DOWN     REF-OTH-TK     3.6        1       1
 
  595636   GARBAGE      ASYC MODEM     5.1        2       0
 
  595689   HOST MSSNG   REF-OTH-TK     2.7        1       0
 
  593811   INTL. ACC.   NTF/CWT       10.9        2     158
 
  594492   NO CARRIER   DIAL-UP       34.7        2     128
 
  594870   OTHER        PWR SUPPLY    30.8        2      38
 
  595130   GARBAGE      ASYC MODEM    10.1        2       5
 
  595151   OTHER        NTF/CWT        3.2        2       0
 
  595180   OTHER        SWARE/VNDR     9.7        2      56
 
  595198   RNA          SLT RLOD       7.6        2       9
 
  595253   LEASE LINE   SYNC MODEM     5.6        2       1
 
  595368   INTL. ACC.   OP/PCDR ER     2.4        2       0
 
  595382   NR TO TID    ASYC MODEM     9.5        2       3
 
  595430   RNA          DOCUMENTN      9.2        2       0
 
  595443   NR TO TID    ASYC MODEM     6.6        2       0
 
  595567   LEASE LINE   DIGITAL        7.3        1       3
 
  595612   OTHER        ANALOG         3.8        1      12
 
  595623   BUSY         DIAL-UP        8.7        2      18
 
  595630   USER DRPD.   CWT            4.3        2       0
 
  595642   NR TO TID    ASYC MODEM     7.0        2       0
 
  595660   NODE DOWN    DIGITAL        7.7        1       0
 
  595659   NODE DOWN    DIGITAL        2.2        1       0
 
  595661   RNA          DOCUMENTN      6.1        2       0
 
  595673   OTHER        ASYC MODEM     2.9        2       0
 
  595657   OTHER        NTF/CWT       10.3        2       0
 
  595679   RNA          PROJECT        4.6        1       0
 
  595684   NODE DOWN    BOARD          3.3        1       0
 
  595688   NO CARRIER   ASYC MODEM     2.0        2       0
 
  595693   HOST DOWN    NODE RLOD      3.2        1      15
 
  595704   HW/MS LINK   DGTL MODEM    17.7        2       0
 
  595720   HW/MS LINK   SYNC MODEM     7.4        2       9
 
  595722   RTR DOWN     REF-OTH-TK     3.8        2       0
 
  595724   OTHER        DOWNTIME       2.5        1       0
 
  595736   NR TO TID    ASYC MODEM     3.3        2       0
 
  595739   NR TO TID    NTF/CWT        8.5        2       6
 
  595758   NR TO TID    NTF/CWT        3.2        2       0
 
  595762   RNA          NTF/CWT        3.1        2       0
 
  595765   NR TO TID    NTF/CWT        2.1        2       0
 
  595767   BUSY         NTF/CWT       11.0        2       0
 
  595768   RNA          ASYC MODEM     2.9        2       0
 
  595769   GARBAGE      NTF/CWT        7.0        2       0
 
  595778   NODE DOWN    DIGITAL        4.9        1       0
 
  595780   NODE DOWN    PROJECT        2.9        1       8
 
  595849   HOST SHUT    SETUP PROB     3.7        1       0
 
  595907   RTR DOWN     REF-OTH-TK     2.6        1       0
 
  595909   USER DRPD.   ASYC MODEM     3.8        2       0
 
  595917   NO CARRIER   ASYC MODEM     4.9        2       0
 
  595948   NODE DOWN    CWT            4.2        1       0
 
  595964   RNA          NTF/CWT        2.2        2       0
 
  594646   NO CARRIER   TRACKING      65.0        2     106
 
  595318   OTHER        SLOT H&E       4.4        2       0
 
  595501   NODE DOWN    NTF/CWT        3.2        1       2
 
  595667   HOST MSSNG   SLT RLOD      15.3        1      13
 
  595666   OTHER        NONE           7.6        1       0
 
  595675   RNA          CABLE         30.7        2      15
 
  595676   RNA          DIAL-UP       30.6        2      15
 
  595812   RTR DOWN     DIGITAL        2.7        1       0
 
  595855   RTR DOWN     TRACKING       4.1        1      15
 
  595888   HOST SHUT    NTF/CWT        3.1        1      12
 
  595872   GARBAGE      NTF/CWT       21.7        2       0
 
  595879   OTHER        DIGITAL        6.0        1       0
 
  595875   HOST SHUT    DIAL-UP       19.1        1       8
 
  595924   OTHER        OP/PCDR ER     8.1        1      13
 
  595956   RNA          ASYC MODEM    12.3        2       9
 
  595960   GARBAGE      ASYC MODEM     7.5        2       0
 
  595971   OTHER        SWARE CNFG     7.2        2       0
 
  595972   OTHER        DIAL-UP       20.1        2       6
 
  595973   USER DRPD.   NTF/CWT        3.4        2       0
 
  595976   LEASE LINE   DIGITAL       19.8        2       0
 
  595993   OTHER        CONFIG CHG    13.2        1       6
 
  596008   RNA          ASYC MODEM     3.5        2       0
 
  596014   TONE, NR     NTF/CWT       11.3        2       0
 
  596013   HOST SHUT    PROJECT        4.7        1       0
 
  596015   TONE, NR     NTF/CWT        6.4        2       0
 
  596016   RNA          ASYC MODEM    14.5        2       0
 
  596018   RNA          ASYC MODEM    13.3        2       0
 
  596026   NODE DOWN    DIGITAL        4.3        1       0
 
  596043   BUSY         NTF/CWT       16.5        2       0
 
  596046   TONE, NR     NTF/CWT        5.8        2       0
 
  596057   RNA          ASYC MODEM    15.6        2       0
 
  596062   RNA          ASYC MODEM     5.0        2       0
 
  596064   RNA          ASYC MODEM     6.0        2       0
 
  596065   RNA          DIAL-UP       13.4        2       0
 
  596075   RNA          ASYC MODEM    10.7        2       0
 
  596079   RNA          NODE RLOD      2.2        2       0
 
  596088   RNA          ASYC MODEM     3.2        2       0
 
  596089   RNA          ASYC MODEM    12.0        2       0
 
  596099   RNA          ASYC MODEM     9.1        2       0
 
  596134   PAP PROB.    ASYC MODEM     5.6        1       1
 
  596142   NO CARRIER   OP/PCDR ER     2.3        1       0
 
  596151   NODE DOWN    PROJECT        4.6        1       0
 
  596157   PAP PROB.    DIAL-UP        3.9        1       0
 
  596146   BUSY         IRC/PTT        2.1        2       0
 
  596179   RNA          ASYC MODEM     5.9        1       0
 
  596184   NR TO TID    NTF/CWT        4.7        2       0
 
  596198   RNA          NTF/CWT        4.9        2       0
 
  596248   RNA          NODE RLOD      2.1        2       0
 
  595663   HOST SHUT    SYNC MODEM     4.6        1      15
 
  595876   RTR DOWN     DOCUMENTN      4.5        1       0
 
  596006   RNA          ASYC MODEM     3.6        2       0
 
  596059   RNA          DIAL-UP       14.4        2      24
 
  596105   OTHER        NODE RLOD     10.8        2      12
 
  596122   NODE DOWN    NODE RLOD     18.8        1       4
 
  596154   RNA          NTF/CWT        3.8        2       0
 
  596224   NODE DOWN    ANALOG         2.0        1       0
 
  596242   HOST SHUT    CWT            2.9        1       0
 
  596247   LEASE LINE   DIGITAL        3.3        2       0
 
  596252   NR TO TID    NTF/CWT        7.8        2       0
 
  596264   OTHER        REF-OTH-TK     8.2        2       0
 
  596261   HOST SHUT    DGTL MODEM     9.8        1       0
 
  596271   OTHER        NTF/CWT        4.7        2       0
 
  596281   NODE DOWN    NTF/CWT        5.2        1       0
 
  596293   OTHER        PERIPHERAL     2.6        2       0
 
  596296   RNA          ASYC MODEM     5.7        2       0
 
  596334   RNA          ASYC MODEM     6.9        2       0
 
  596336   RNA          REF-OTH-TK     9.6        2       0
 
  596337   NO CARRIER   NTF/CWT        3.3        2       0
 
  596345   RNA          ASYC MODEM     4.6        2       0
 
  596353   LEASE LINE   NTF/CWT        3.4        1       0
 
  596357   OTHER        DOCUMENTN      2.7        2       0
 
  596359   RNA          UNSCHD OUT     7.2        2       0
 
  596362   NODE DOWN    UNSCHD OUT     2.3        1       0
 
  596370   NODE DOWN    NODE RLOD      4.7        1       0
 
  596382   OTHER        ASYC MODEM     2.6        2       0
 
  596384   NO CARRIER   NTF/CWT        4.6        2       0
 
  596399   NODE DOWN    CWT           15.0        1       0
 
  596407   RNA          UNSCHD OUT    10.8        2       0
 
  596410   RNA          DOCUMENTN     17.3        2       0
 
  596413   RNA          ASYC MODEM     6.5        2       0
 
  596416   RNA          ASYC MODEM     3.9        2       0
 
  596419   RNA          ASYC MODEM    11.2        2       0
 
  596433   NODE DOWN    UNSCHD OUT     2.9        1       0
 
  596434   NODE DOWN    UNSCHD OUT     2.0        1       0
 
  596441   RNA          NODE RLOD      2.9        2       0
 
  596444   RNA          SWARE CNFG     5.4        2       0
 
  596459   NODE DOWN    NODE RLOD      2.9        1       0
  