 
 
 
                     SERVICE MANAGEMENT WEEKLY REVIEW LISTING
 
     THIS REPORT WAS GENERATED AT  2:11 GMT ON  4/22/1992.
 THE REPORT COVERS THE PERIOD FROM  4/15/1992 TO  4/21/1992.
 THE REPORT LISTS CUSTOMER NAME, TICKET #, AND SEVERITY FOR ANY CUSTOMER
 WHO APPEARED ON THE CALLBACK LIST OF 3 OR MORE TICKETS OPENED DURING
 THE PERIOD.
 
 CUSTOMER NAME           TICKET #    SEV
 
 AMERICA ON LINE           419176    2
 AMERICA ON LINE           419177    2
 AMERICA ONLINE            419054    2
 AMERICAN ARBITR           419437    1
 AMERICAN EXPRES           419478    1
 AMERICAN PRESID           418911    1
 AMERICAN PRESID           419451    3
 ARMEL VDELOR              418876    2
 ARMEL VERON DELOR         419322    1
 ARMEL VERON DELOR         419326    1
 ARMEL VERON DELOR         419628    1
 AVERY                     418484    4
 AVERY                     418525    4
 AVERY                     418610    4
 AVERY                     419131    4
 AVERY                     419133    4
 AVERY                     419208    4
 AVERY                     419263    4
 BANK OF AMERICA           418960    1
 BANK OF AMERICA           419077    1
 BANK OF AMERICA           419078    1
 BANK OF AMERICA           418803    4
 CHARLES SCHWAB            418873    2
 CHARLES SCHWAB            419004    2
 CHARLES SCHWAB            419484    2
 CHARLES SCHWAB            418732    4
 CHASE                     418556    1
 CHASE                     419080    1
 CHASE                     419190    1
 CHASE                     419206    1
 CHASE                     419418    1
 CHASE                     419539    1
 CHASE                     418805    3
 CHASE MANHATTAN           418561    1
 CONSOLIDATED              419575    1
 CONSOLIDATED FR           419379    2
 CONSOLIDATED FR           419382    2
 CONSOLIDATED FREIGHT      419575    1
 DIALOG                    419018    1
 DIALOG                    419724    1
 DIALOG                    419693    3
 DIALOGIC CORP             418642    1
 DIGITAL                   418723    1
 DIGITAL                   418962    1
 DIGITAL                   419085    1
 DIGITAL                   419086    1
 DIGITAL                   419293    1
 DIGITAL                   419316    1
 DIGITAL                   419683    1
 DIGITAL                   419568    2
 DIGITAL                   419578    2
 DIGITAL                   418548    3
 
 
                                                                      PAGE  2
 
 DIGITAL                   418605    3
 DIGITAL                   418403    4
 DIGITAL EQUIPMENT         419363    2
 EDS                       418718    1
 EDS                       419715    1
 EDS                       418564    2
 EDS                       419363    2
 END USER                  418564    2
 END USER                  418905    2
 END USER                  419237    2
 END USER                  419321    2
 END USER                  419345    2
 ENDUSER                   418743    1
 ENDUSER                   419465    1
 ENDUSER                   419624    2
 ENDUSER                   419154    3
 ENVOY                     418897    1
 ENVOY                     418923    1
 ENVOY                     418632    2
 ENVOY                     419377    2
 FIDELITY                  418720    1
 FIDELITY                  419499    1
 FIDELITY                  419196    2
 FIDELITY                  419482    2
 FIDELITY INVEST           419079    2
 FIDUCIARY                 418502    1
 FIDUCIARY                 418507    1
 FIDUCIARY                 418731    1
 FIDUCIARY TRUST           419551    1
 FORD                      418550    1
 FORD                      418797    1
 FORD                      418972    1
 FORD                      419123    1
 FORD                      419201    1
 FORD                      419563    3
 FORD                      418924    4
 FORD                      419146    4
 FORD                      419150    4
 FORD                      419152    4
 FORD                      419156    4
 FORD MOTOER               419143    2
 FORD MOTOR CO.            418972    1
 HERBAL LIFE               419364    1
 HERBALIFE                 419326    1
 HERBALIFE                 419538    1
 HERBALIFE                 419560    1
 HERBALIFE                 419299    2
 HERBALIFE                 419299    2
 HERBALIFE                 419332    2
 HERBALIFE                 419582    2
 HERBALIFE                 419582    2
 HONEYWELL                 418511    1
 HONEYWELL                 418568    1
 HONEYWELL                 418465    4
 HONEYWELL                 419110    4
 HONEYWELL                 419155    4
 HONEYWELL                 419203    4
 HONEYWELL                 419204    4
 HONEYWELL                 419219    4
 HONEYWELL                 419221    4
 HONEYWELL                 419224    4
 HONEYWELL                 419267    4
 
 
                                                                      PAGE  3
 
 HONEYWELL                 419277    4
 HONG KONG BANK            418472    3
 HONG KONG BANK            419703    3
 HONG KONG BANK            419704    3
 HONG KONG BANK            419714    3
 IKO INT'L                 419643    1
 IKO INT'L                 419643    1
 IKO INTERNATION           419552    1
 IKO INTLT                 418976    1
 ILFORD                    418496    1
 ILFORD                    418498    1
 ILFORD                    418499    1
 ILFORD STOCKHOL           418505    3
 INTEL                     419412    1
 INTEL                     419412    1
 INTEL                     419413    1
 INTELSAT                  419227    3
 INTERGRAPH                418900    4
 INTERGRAPH                418900    4
 INTERNATIONAL P           419039    2
 INTERNET                  419724    1
 INTERVAL INTL             419506    1
 ISUZU                     418856    1
 ISUZU                     418857    1
 ISUZU                     419662    1
 ISUZU                     419662    1
 ISUZU                     419667    1
 MEDTRONIC                 419174    1
 MEDTRONIC                 419311    1
 MEDTRONIC                 419637    1
 MEDTRONICS                418798    4
 MORGAN                    419341    1
 MORGAN                    419562    1
 MORGAN                    419572    1
 MORGAN                    419542    2
 MORGAN                    419654    2
 MORGAN                    418200    3
 MORGAN                    418935    3
 MORGAN                    419554    3
 MORGAN BANK               418460    1
 MORGAN BANK               418534    1
 MORGAN BANK               418617    1
 MORGAN BANK               418721    1
 MORGAN BANK               418796    1
 MORGAN BANK               418800    1
 MORGAN BANK               418829    1
 MORGAN BANK               418964    1
 MORGAN BANK               419060    1
 MORGAN BANK               419166    1
 MORGAN BANK               419182    1
 MORGAN BANK               419244    1
 MORGAN BANK               419250    1
 MORGAN BANK               419290    1
 MORGAN BANK               419537    1
 MORGAN BANK               419650    1
 MORGAN BANK               418543    2
 MORGAN BANK               418722    2
 MORGAN BANK               419049    2
 MORGAN BANK               419697    3
 MOTOROLA                  418468    1
 MOTOROLA                  418526    1
 MOTOROLA                  418614    1
 
 
                                                                      PAGE  4
 
 MOTOROLA                  418633    1
 MOTOROLA                  418708    1
 MOTOROLA                  418861    1
 MOTOROLA                  418861    1
 MOTOROLA                  418947    1
 MOTOROLA                  419008    1
 MOTOROLA                  419090    1
 MOTOROLA                  419091    1
 MOTOROLA                  419230    1
 MOTOROLA                  419239    1
 MOTOROLA                  419239    1
 MOTOROLA                  419240    1
 MOTOROLA                  419242    1
 MOTOROLA                  419288    1
 MOTOROLA                  419337    1
 MOTOROLA                  419338    1
 MOTOROLA                  419425    1
 MOTOROLA                  419558    1
 MOTOROLA                  419558    1
 MOTOROLA                  416822    3
 MOTOROLA                  417554    3
 MOTOROLA                  417736    3
 MOTOROLA                  418152    3
 MOTOROLA                  418154    3
 MOTOROLA                  418372    3
 MOTOROLA                  418372    3
 MOTOROLA                  418409    3
 MOTOROLA                  418450    3
 MOTOROLA                  418457    3
 MOTOROLA                  418529    3
 MOTOROLA                  418544    3
 MOTOROLA                  418554    3
 MOTOROLA                  418602    3
 MOTOROLA                  418613    3
 MOTOROLA                  418630    3
 MOTOROLA                  418631    3
 MOTOROLA                  418635    3
 MOTOROLA                  418650    3
 MOTOROLA                  418659    3
 MOTOROLA                  418671    3
 MOTOROLA                  418674    3
 MOTOROLA                  418677    3
 MOTOROLA                  418682    3
 MOTOROLA                  418684    3
 MOTOROLA                  418713    3
 MOTOROLA                  418792    3
 MOTOROLA                  418820    3
 MOTOROLA                  418838    3
 MOTOROLA                  418841    3
 MOTOROLA                  418846    3
 MOTOROLA                  418891    3
 MOTOROLA                  418898    3
 MOTOROLA                  418906    3
 MOTOROLA                  418922    3
 MOTOROLA                  418933    3
 MOTOROLA                  418937    3
 MOTOROLA                  418938    3
 MOTOROLA                  418943    3
 MOTOROLA                  418944    3
 MOTOROLA                  418951    3
 MOTOROLA                  418952    3
 MOTOROLA                  418985    3
 
 
                                                                      PAGE  5
 
 MOTOROLA                  419056    3
 MOTOROLA                  419057    3
 MOTOROLA                  419072    3
 MOTOROLA                  419122    3
 MOTOROLA                  419128    3
 MOTOROLA                  419223    3
 MOTOROLA                  419246    3
 MOTOROLA                  419264    3
 MOTOROLA                  419279    3
 MOTOROLA                  419308    3
 MOTOROLA                  419318    3
 MOTOROLA                  419320    3
 MOTOROLA                  419323    3
 MOTOROLA                  419361    3
 MOTOROLA                  419383    3
 MOTOROLA                  419430    3
 MOTOROLA                  419522    3
 MOTOROLA                  419564    3
 MOTOROLA                  419565    3
 MOTOROLA                  419577    3
 MOTOROLA                  419579    3
 MOTOROLA                  419594    3
 MOTOROLA                  419626    3
 MOTOROLA                  419641    3
 MOTOROLA                  419655    3
 MOTOROLA                  419670    3
 MOTOROLA                  419687    3
 MOTOROLA                  418479    4
 MOTOROLA                  419397    4
 MOTOROLA                  419498    4
 NOVADYME                  418921    3
 NOVADYME                  418675    4
 NOVADYNE                  419026    3
 NOVADYNE                  419581    3
 NOVADYNE                  418592    4
 NOVADYNE                  418793    4
 NOVADYNE                  418990    4
 NOVADYNE                  419002    4
 NOVADYNE                  419403    4
 PAYMENTS                  418466    1
 PAYMENTS                  418978    1
 PAYMENTS                  418978    1
 PAYMENTS                  418978    1
 PAYMENTS                  418978    1
 PAYMENTS                  418978    1
 PAYMENTS                  418978    1
 PAYMENTS                  418978    1
 PAYMENTS                  418978    1
 PAYMENTS                  418978    1
 PAYMENTS                  418978    1
 PAYMENTS                  419161    1
 PAYMENTS                  419161    1
 PAYMENTS                  419161    1
 PAYMENTS                  419161    1
 PAYMENTS                  419161    1
 PAYMENTS                  419186    1
 PAYMENTS                  419009    2
 PAYMENTS                  419009    2
 PAYMENTS                  419009    2
 PAYMENTS                  419009    2
 PAYMENTS                  419014    2
 PAYMENTS                  419014    2
 
 
                                                                      PAGE  6
 
 PAYMENTS                  419025    2
 PAYMENTS                  419593    2
 PAYMENTS                  419063    3
 PRODIGY                   418475    1
 PRODIGY                   418493    1
 PRODIGY                   418574    1
 PRODIGY                   418626    1
 PRODIGY                   418715    1
 PRODIGY                   418725    1
 PRODIGY                   418725    1
 PRODIGY                   418726    1
 PRODIGY                   418727    1
 PRODIGY                   418729    1
 PRODIGY                   418748    1
 PRODIGY                   418749    1
 PRODIGY                   418752    1
 PRODIGY                   418834    1
 PRODIGY                   418857    1
 PRODIGY                   418897    1
 PRODIGY                   418904    1
 PRODIGY                   418908    1
 PRODIGY                   418923    1
 PRODIGY                   419010    1
 PRODIGY                   419062    1
 PRODIGY                   419077    1
 PRODIGY                   419078    1
 PRODIGY                   419096    1
 PRODIGY                   419097    1
 PRODIGY                   419151    1
 PRODIGY                   419231    1
 PRODIGY                   419232    1
 PRODIGY                   419266    1
 PRODIGY                   419289    1
 PRODIGY                   419334    1
 PRODIGY                   419386    1
 PRODIGY                   419465    1
 PRODIGY                   419493    1
 PRODIGY                   419724    1
 PRODIGY                   419075    2
 PRODIGY                   418372    3
 QUOTRON                   418557    1
 QUOTRON                   418831    1
 QUOTRON                   418852    1
 QUOTRON                   419344    1
 QUOTRON                   418808    2
 QUOTRON                   418808    2
 QUOTRON                   418810    2
 QUOTRON                   418810    2
 QUOTRON                   418812    2
 QUOTRON                   418812    2
 QUOTRON                   418893    2
 QUOTRON                   419373    2
 QUOTRON                   419660    2
 RAND MCNALLLY             418573    2
 RAND MCNALLY              418574    1
 RAND MCNALLY              418564    2
 RAND MCNALLY              418909    2
 RAND MCNALLY              418372    3
 STATE FUND                418819    1
 STATE INC OF MO           419023    1
 STATE OF FLORID           419601    1
 STATE ST                  419248    1
 
 
                                                                      PAGE  7
 
 STATE STREET BA           419220    2
 STATE STREET BA           419407    2
 STATIONEERS               418857    1
 STATIONERS                418708    1
 STATIONERS                418869    2
 STATIONERS                419363    2
 STATIONERS                419419    2
 STEEL CASE                418895    2
 STEEL CASE                418594    3
 STEEL CASE                418615    3
 STEELCASE                 419034    2
 STEELCASE                 419561    2
 STEELCASE                 418615    3
 STEELCASE                 418615    3
 STEELCASEE                419035    2
 TRAVIS PERKINS            418807    1
 TRAVIS PERKINS            418494    2
 TRAVIS PERKINS            418521    2
 TRAVIS PERKINS            418859    3
 USGS                      418523    1
 USGS                      418619    1
 USGS                      419046    1
 USGS                      419145    1
 USGS                      419273    1
 USGS                      419287    1
 USGS                      418837    2
 WACHOVIA                  418806    1
 WACHOVIA                  419355    1
 WACHOVIA                  418565    2
 WACHOVIA                  418528    3
 WACHOVIA BANK             419317    2
 WACHOVIA BANK A           418565    2
 WESTPUB                   419314    1
 WESTPUB                   418477    2
 WESTPUB                   418478    2
 WESTPUB                   418481    2
 WESTPUB                   419319    2
 Will Keith                419465    1
 XEROX                     418559    1
 XEROX                     418646    1
 XEROX                     418908    1
 XEROX                     419621    1
 XEROX                     419625    1
   