                  *********************************
                  *          F.I.R.N.             *
                  *  P R O J E C T    R E P O R T *
                  *********************************
 
   DATE:     
 
   TO:       EASTERN FSC OPS and NSSC
 
   FROM:     JOE DE
 
   SUBJECT:  
 
   Request:  

   PO #:                    
   *************************************************************************
 
   1.  Call site contact as soon as possible to confirm your appointment.   
   2.  Notify the project manager of any changes in the schedule.           
   3.  Notify Tim Strickland at FIRN 904/487-0911 before taking any nodes down.
   4.  Lable the cables with port numbers.
   5.  Send an ontyme to ** firnteam with work completed, and any problems   
       encountered.             
   6.  Ensure the site is neat, cables are properly labeled and secured,    
       and trash is properly disposed.                                      
   7.
                                                                        
   NOTE:  Thank you for your support and cooperation.                       
   *************************************************************************
 
   NODE:   
   KERNEL: 
   MEMORY: 
                     
 
Neighbors: 
 
*************************************************************************
 
 
    CUSTOMER LOCATION: 


   ACCESS:            Business hours
 
   CONTACT:           

*************************************************************************
                           PEOPLE AND PLACES
 
   Name            Assignment       Place              Telephone
 
   Joe de              PM           Malvern,Pa         215-251-6817
   Don Rhodes          CS           Vienna,Va          703-356-6998
   FSC                 H/W installation                            
   Shift Supervisor    NSSC         K.O.P., PA         800/345-6090
*************************************************************************
                               SOFTWARE
            Where                                           When
   Node     Available                  Version    Checksum  Available
 

*************************************************************************
                          NODE CONFIGURATION
 


*************************************************************************
                          SLOT CONFIGURATION
 


**************************************************************************
                               SCHEDULE
 

**************************************************************************
                               COMMENTS
 
**************************************************************************
 
FILENAME: (PNSCHED:38)E2150.FRN
