Prod  Ver          Date Range        Escal. No.   Days O/S   De-Esc Code
____  ___          __________        __________   ________   ___________


19.2   11879       13.00        13.79  340952         .79           64

19.2   9988          .81         1.04  339790         .23            1

56KB   8219        29.29        33.25  336143        3.95           63

9.6                  .00          .00  342997         .00           50

9.6                  .00          .01  342295         .01            4

9.6                  .00          .01  342994         .01           11

ACOM   5.22         6.82         7.03  340270         .21            3

BBXS   6.01          .80          .97  343062         .17            1

BBXS   7.01          .04         3.77  341758        3.73           64

BITS                 .00        18.87  336692       18.87           52

CMTI                 .07         1.06  342964         .99           11

CMTI                 .19         1.36  340088        1.17            1

CMTI                 .06          .45  342742         .39           11

CMTI   11.03         .00        12.57  338067       12.57            2

CMTI   7.04          .00          .30  342972         .30            1

CMTI   7.04         4.10         4.12  342448         .02           11

CMTI   7.04          .00        75.23  330790       75.23           11

CMTI   7.04          .00          .99  342787         .99            1

CMTI   7.04          .00          .48  341324         .48            1

CMTI   7.04          .01         2.08  339751        2.07           11

CMTI   7.04          .03         6.97  339564        6.94           11

CMTI   7.04          .07          .89  343023         .82            4

CONST                .97         1.05  341115         .08            1
                                   PAGE 1




Prod  Ver          Date Range        Escal. No.   Days O/S   De-Esc Code
____  ___          __________        __________   ________   ___________


CONST                .00          .04  340713         .04            1

CONST  2140         2.95        15.91  340678       12.96            4

CONST  6.03         1.01         6.14  339955        5.13           11

DIALU                .00         2.02  340685        2.02            4

DIALU                .76         1.76  340720        1.00            4

DIALU               2.78         2.87  340358         .09            4

DIALU               5.03         5.83  342532         .80           57

DIALU                .27         1.29  342617        1.03            1

DIALU  10522        4.98         5.97  342543         .98            4

DIALU  1940          .28          .40  342477         .12            1

DIALU  2371         3.04         6.59  340692        3.55           56

DIALU  3947         2.80        36.79  334620       33.98           13

DIALU  5.34          .00          .39  340731         .39           57

DIALU  6936         6.17        11.35  338377        5.17            1

DIALU  9336        18.43        21.34  339063        2.90            4

ISIS                 .00          .55  340212         .55           58

ISIS                 .64         1.08  341628         .45           56

ISIS                 .49         3.03  341404        2.54           50

ISIS                 .08          .15  339254         .07           50

ISIS                 .00          .10  339981         .10            3

ISIS                 .06          .63  343096         .57            1

ISIS               11.23        11.56  341194         .33           11

                                   PAGE 2



Prod  Ver          Date Range        Escal. No.   Days O/S   De-Esc Code
____  ___          __________        __________   ________   ___________


ISIS                 .00          .07  342987         .07           51

ISIS                 .39         1.32  339890         .92           50

ISIS   1.12          .01          .80  342812         .79           59

ISIS   10506         .00         3.37  340246        3.37            4

ISIS   10522         .03          .24  341056         .20            1

ISIS   10522         .00          .02  341538         .02            1

ISIS   2.03          .00          .01  342988         .01           51

ISIS   5.22          .05         4.66  341066        4.61            4

ISIS   5.35          .00         1.12  341437        1.12           11

ISIS   506           .00          .99  340766         .99            6

ISIS   510           .02          .03  339251         .01            7

ISIS   534           .00          .03  339691         .03           63

ISIS   534           .05         1.14  338877        1.09           63

ISIS   7.03          .19         3.74  341222        3.55           57

ISIS   7.03          .15          .69  343015         .54            1

ISIS   7.03          .10         5.69  340834        5.59           56

ISIS   7.05          .13          .90  342148         .77           11

LDII                 .00        10.50  339165       10.50           13

MSVO                 .00        78.99  330649       78.99           13

MSVO                 .01          .21  339512         .20            1

MSVO   1.20          .71        15.02  341113       14.31            1

MSVO   5.35          .03         9.16  341847        9.13            1

MUX    4.00          .32          .92  342914         .60            1
                                   PAGE 3




Prod  Ver          Date Range        Escal. No.   Days O/S   De-Esc Code
____  ___          __________        __________   ________   ___________


NTCN                 .01          .13  340152         .12           11

OTHER               5.01         5.83  342541         .82            4

OUTD   6.03          .00          .36  341873         .36           64

PAP                  .06         4.85  339307        4.79            7

PAP                 1.32         3.30  339466        1.98           50

PBH    14.01         .00        10.65  340233       10.65           11

PBH    17.01         .00         1.01  341724        1.01            1

PBH    17.01         .00          .68  343121         .68            1

PBT    5.05          .59         7.60  341323        7.01            1

PICO   11.03        1.49         1.58  342182         .10            4

RAM    12.03         .00         1.57  343105        1.57            4

SDLC   1.12          .00         6.14  341373        6.14            4

SDLC   2.04          .03          .26  339440         .23           13

SDLC   2.04          .00         8.93  340953        8.93            1

SDLC   2.04          .00          .14  343098         .14            2

SNA                  .01          .02  342953         .01           51

SNA                 4.88         5.92  342162        1.03           11

SNA                  .02         5.06  342395        5.04           51

SNA    3.03          .00         1.87  340972        1.87           11

SNA    3.03          .15          .19  342317         .04           11

SNA    3.03          .02          .20  341933         .18            1

SNA    3.03         4.30         4.64  339136         .33            1

                                   PAGE 4



Prod  Ver          Date Range        Escal. No.   Days O/S   De-Esc Code
____  ___          __________        __________   ________   ___________


SNA    5.04          .00        38.31  333354       38.31            6

SNA    5.05          .00        18.34  339428       18.34            7

SUP                 1.93         4.15  342297        2.23            6

SUP    3.05          .10          .36  343128         .26            4

SUP    7.03         1.66         2.09  342641         .42            1

SUP    7.04         6.28        19.33  340073       13.05           11

SWTCH  521          1.90         4.23  342313        2.33            7

SWTCH  522           .16          .55  339992         .39           63

TDI                 1.30        15.97  340115       14.67            1

TII    5.22         1.13         1.61  341809         .48            4

TIIG                 .27          .32  341539         .04           64

TMCS                7.67         9.90  340373        2.24           55

TMCS                 .00          .75  341495         .75            1

TMCS                 .00         1.03  338912        1.03           55

TMCS                 .01          .18  341363         .18           13

TMCS   10.0          .07         8.99  339937        8.92            3

TMCS   10506         .12         3.07  340526        2.95            1

TMCS   10533         .00          .04  341759         .04           56

TURBO                .16          .60  340054         .44           56

TURBO                .14          .58  340058         .44           56

TURBO  XCOM         2.73         4.57  338503        1.84           10

UTS                 3.64         3.89  341297         .25            2

UTS    5.02          .75         1.01  338907         .26            1
                                   PAGE 5




Prod  Ver          Date Range        Escal. No.   Days O/S   De-Esc Code
____  ___          __________        __________   ________   ___________


UTS    6.00/         .00          .23  341256         .23           56

X.25                 .00          .17  343194         .17            1

X.25   10510         .13        11.25  339229       11.12           11

X.75                 .12        60.43  333648       60.31            4

X.75                4.22         6.47  339000        2.25            1

X.PC   1.05          .00         1.05  342794        1.05            1

X.PC   1.05          .00         3.85  339265        3.85            2

XCOM                 .10         1.09  341679         .99            1

XCOM                 .02          .04  343450         .02            4

XCOM                1.84         1.90  340513         .06            1

XCOM                 .00          .01  339589         .01            1

XCOM                 .00         1.69  340011        1.69            1

XCOM                 .02         3.70  342573        3.67            2

XCOM                 .13          .16  341201         .04           11

XCOM   10522        1.07         1.28  340644         .21            8

XCOM   120          1.06         1.73  338883         .67            1

XCOM   3.01         4.93         4.99  341081         .06            1

XCOM   4.03         8.01         8.01  339061         .00            1

XCOM   4.03          .05          .22  340260         .17           56

XCOM   4.03          .00        34.56  336126       34.56            1

XCOM   4.03         2.34         2.80  341523         .45            1

XCOM   5.06          .95         3.81  342385        2.86            1

                                   PAGE 6



   