


                         TRW'S TYMNET S/W RELEASES            Setup: V=6
                        ===========================                  H=16
                                 08/22/84                            F=66

                    PRODUCT
         _______________________________     TRW       TYMNET        ANALYSTS
          ID      DESCRIPTION              VERSION    BASELINE     1ST    2ND
         ====  =========================  =========  ==========   ==============
         ACCT  Accounting Slave             3.00        5.01(L)   Andryce Robert
               (Supervisor)                             4.00(K)
         ACOM  ISIS Flexible Asynch.        1.07        2.03(L)   Andryce
               TYMCOM                                   2.03(K)
         BBXS  2780/3780/HASP Interface     ?           3.04(L)   Jon N.
                                                          " (K)
         BOOT  Bootstrap Loader             ?           6.00(L)   ?/
                                                        6.00(K)
         DIN   DISC Initialize Routines     ?           1.00(L)   ?/
                                                        1.00(K)
         ERLG  Error Log Slave              5.00        7.01(L)   Andryce Robert
               (Supervisor)                             6.00(K)
         I2G1  ISIS2 T-I Gateway            ?           4.03(L)   ?/
                                                          " (K)
         I2IS  ISIS2 Kernal                 5.05        5.08(L)   Andryce
                                             *4         5.08(K)
         ISCS  Consolidated TYMSAT          ?           3.04(L)   Jon N.
                                                        3.04(K)
         LDII  LOADII Utility               2.12        2.12(L)   Robert  Rick
                                                          " (K)
         MRLN  MERLIN Utility               1.80        1.80(?)   Robert
                                                          " (?)
         NAD   NAD Assembler and            1.00        1.01(L)   Robert
                 Debugger                               1.01(K)
         PBH   3270 Host Interface          ?           7.02(L)   Jon N.
                                                        7.01(K)
         PBT   3270 Terminal                ?           5.02(L)   Jon N.
                 Interface                              5.01(K)
         PRB   PROBE                       31.00       35.01(L)   Andryce Robert
                                                       34.00(K)
         RAM   RAW Accounting Merger        ?          10.05(L)   Blaine
                                                       10.05(K)
         SAT4  Stand-alone T-I TYMSAT      50.00(?)    51.00(L)   Jon N.
                                            *2            " (K)
         SUP   TYMNET Supervisor           39.2        41.01(L)   Andryce Robert
                                                       40.01(K)
         SYSM  System Message Slave         4.00        5.01(L)   Andryce Robert
                 (Supervisor)                           4.00(K)
         TII   T-II Node Code               4.04        5.06(L)   Andryce Andryc
                                             *4         5.06(K)
         UN2   Master User Directory        2.00        5.01(L)   Andryce Robert
                 (MUD) Slave(Supervisor)                4.00(K)
         UTIL  Utility Slave                ?           1.01(L)   Andryce Robert
                 (Supervisor)                             " (K)
         XCOM  X.25/X.75                    2.02        3.00(L)   Andryce Rick
                 Communications                         2.02(K)












         *************************************************************
         *************************************************************

                       NON-BASELINE TYMNET S/W
                       =======================
          *(These all run on the NCC unless noted otherwise)


                                                  TRW     TYMNET    RESPONSIBLE
         NAME    DESCRIPTION                    VERSION   VERSION   ANALYST
         ======  =============================  =======   =======   ============
         ACCESS  Validates users from other        ?         ?      Robert
                 GAN's for GFD access to a
                 particular directory.
         AUXIO   Auxilary circuit utility        40.00       ?      Rick
         AUXMOX                                    ?         ?
         CARMEL  Relocatable library utility      *3         ?
         CATCHE                                    ?         ?      Rick
         CHKPNT  Collects system accounting        ?         ?
                 & statistical data
         CKSUM   Checksums files                   ?         ?
         CLASUP  Allows updates of CLASS &         ?         ?      Andryce
                   GROUP definitions in CUD
         CLRDWN  Clears old host & remote msgs     ?         ?      Andryce
                   from sups setup w/DWNMSG        ?         ?      Andryce
         COLOG   Logger works w/CONSOLIDATOR       ?         ?      ?/
                 to run the color logger
         COM     Allows userlike entry and pro-    ?         ?      ?/
                 cessing of cmd files.
         CONSOL  CONSOLIDATOR                      ?         ?      ?/
         COPCLS  Keeps CLASS & GROUP tables        ?         ?      ?/
                   current on all supervisors      ?         ?      ?/
         CPN121  Collects accounting from          ?         ?      Andryce
                   supervisor systems
         CPN122  Collects accounting from          ?         ?      Andryce
                   supervisor systems
         DIRIT   Used by the DIR,DECLARE,FILES,    ?         ?      ?/
                   DELETE, & RENAME cmds
         DSKCLN  Validates disk information at     ?         ?      ?/
                   system start
         DWNMSG  Allows updates of network         ?         ?      ?/
                   down msgs for hosts & remotes
         EDITOR  Allows the user to edit files     ?         ?      ?/
         ERRCHK  Prints system h/w errors          ?         ?      ?/
         FILCOM  Compares files(DIFF cmd)          ?         ?      ?/
         FNDFIL  Finds files on the system         ?         ?      ?/
         FTX22                                     ?         ?      ?/
         GFD     Gets file directories             ?         ?      ?/
         HANGUP  Aborts jobs or SYSTEM!            ?         ?      ?/
         INIT                                      ?         ?      ?/
         INITIA  Runs at system startup time       ?         ?      ?/
         JOBCCU                                    ?         ?      ?/
         JOBCDN                                    ?         ?      ?/
         JOBCOP                                    ?         ?      ?/
         JOBMUD                                    ?         ?      ?/
         LETTER                                    ?         ?      ?/









         LISTER                                    ?         ?      ?/
         LOGINN  Login pgm                         ?         ?      ?/
         LOGOUT  Logout processor                  ?         ?      ?/
         LPASSW                                    ?         ?      ?/
         LVALID  LOCAL VALIDATIONS FOR THE NCC     ?         ?      ?/
         MACRO   Assembler                         ?         ?      ?/
         MAGCON  Tape utility                     5.1        ?      ?/
         MAKJOB  Sets up network job schedule      ?         ?      ?/
                   file used by PAM                ?         ?      ?/
         MDCONS  Consistency checks MUDs of        ?         ?      ?/
                   the supervisor nodes
         MDTCON                                    ?         ?      ?/
         MERGE                                     ?         ?      ?/
         MPT121                                    ?         ?      ?/
         MPT122                                    ?         ?      ?/
         MUDDDT                                    ?         ?      ?/
         MUP121  Updates MUD to match CUD          ?         ?      ?/
         MUP122  Updates MUD to match CUD          ?         ?      ?/
         NEWS                                      ?         ?      ?/
         NIBDMP  Gives formatted dumps of NAD      ?         ?      ?/
                 Image Binary files
         NODLOD  Loads nodes adjacent to system   1.6        ?      ?/
         NONAME  NCC local user security pgm     41.00       ?      ?/
         OPER    Sets a user's license             ?         ?      ?/
         OPPS    Change license password           ?         ?      ?/
         PAKCOP  Stand-alone pgm to copy packs     ?         ?      ?/
         PAM     Runs scheduled network            ?         ?      ?/
                   related jobs(ie..MUPxxx)        ?         ?      ?/
         PASPRN                                    ?         ?      ?/
         PASSWO  Change password for user name     ?         ?      ?/
         PIP                                       ?         ?      ?/
         PROJEC  ????? - see project code manual   ?         ?      ?/
         PSP
         RDERR   Interprets PAM errors             ?         ?      ?/
         RDNERR  Interprets network accounting     ?         ?      ?/
                   collection program errors       ?         ?      ?/
         REVJUV                                    ?         ?      Blaine
         RELOAD  Opens system for timesharing      ?         ?      ?/
         RPG     Processes certain system cmds     ?         ?      ?/
         RPTNET  Determines status of network      ?         ?      ?/
                   collectors
         RTYCHG  Royalty accounting routine        ?         ?      ?/
         RTYRTN  Royalty accounting routine        ?         ?      ?/
         SETE    Sets licenses for users           ?         ?      ?/
         SETLIC  Sets the security license for     ?         ?      ?/
                 programs
         SETOP   Sets the maximum possible         ?         ?      ?/
                   license for NCC users
         STNET                                     ?         ?      ?/
         SYSTAT  Gives system statistics           ?         ?      ?/
         SZRPT   Runs various sorted reports       ?         ?      ?/
                   dealing w/directories
         TAKEIT  Allows orderly system takedown    ?         ?      ?/
         TAPE    Reads paper tape or cassette      ?         ?      ?/
                   from terminal
         TAPLOD  Loads system from tape            ?         ?      ?/
         TC      Utility to look at TMPCOR files   ?         ?      ?/
         TELECO  Transfers files over network    15.20*5     ?      ?/
         TENIS   S/W distribution utility          ?         ?      ?/












         TIO     Sets terminal characteristics    5.0        ?      ?/
         TITO    Tape I/O system program         15.13       ?      ?/
         TYMFMT                                    ?         ?      Bill Fang
         UP2020  Network validation pgm,          1.12       ?      ?/
                   updates CUD
         UVALID  User validation utility           ?         ?      ?/
         VFUCON  Sets NCC printer forms ctl        ?         ?      Blaine
         1022F4  Data Base Manager                 ?         ?      ?/
         20VALI  2020 user validation pgm         1.0        ?      ?/
         *2848*  2848 TYMCOM(network pgm)         4.71       ?      Andryce
                                                   *6





         *************************************************************
         *************************************************************

         NOTES:  *1 -  WE ARENT PAYING FOR THIS BUT STILL HAVE IT CLANDISTINELY,
         ======        SO DONT LET ON.
                 *2 -  WERE IN THE PROCESS OF CONVERT. TO 51.00 BUT IT HAS SOME
                       PROBLEMS THAT HAVE PREVENTED ITS COMPLETE IMPLEMENTATION.
                 *3 -  WE DONT HAVE THIS AND TYMNET(G. WOLF) SAYS THEY DONT 2/84
                 *4 -  We are currently trying to implement ISIS 5.07 and T-II
                       Node Code 5.06. 5/84
                 *5 -  There is a version 20.00 in the FTSYS directory, but we
                       haven't tried to use it yet. 5/84
                 *6 -  WE'VE MODIFIED THE SOURCE SO IT DOESN'T MATCH TYMNET.
                       BUT THE INIT FILE IS A 6.11 WHICH IS TYMNET'S LEVEL.
 