
******************************************************************************
BEING UPDATE  LEAVE ALONE!
******************************************************************************


Updated:  17 DEC 85 	      International Contact List	Page 1 of 7 
-------------------	      --------------------------	-----------

~~~~~~~~~~~~~~~~~~~~~~~~~~~~~~~~~~~~~~~~~~~~~~~~~~~~~~~~~~~~~~~~~~~~~~~~~~~~~~~
                        - COMPANY CONFIDENTIAL -
THIS DOCUMENT IS FOR THE SOLE USE OF McDONNELL DOUGLAS NETWORK SYSTEMS
PERSONNEL.  WHILE INFORMATION REGARDING A SINGLE CONTACT MAY BE GIVEN
OUT, THE DOCUMENT AS A WHOLE OR IN PART IS NOT TO BE DUPLICATED/RELEASED
WITHOUT PERMISSION - CONTACT (703)356-6995 - {EX. NET. SERVICES}
~~~~~~~~~~~~~~~~~~~~~~~~~~~~~~~~~~~~~~~~~~~~~~~~~~~~~~~~~~~~~~~~~~~~~~~~~~~~~~~

	ADP AUTONET
	-----------
	Tim Young					(313)995-6487

	ALASCOM
	-------
	Jackie Wellman (Acct. Rep.)			(907)264-7396

	AUSTRALIA - OTC
	---------------
	Operations					(612)211-2538
	Alternate number				(612)218-4852
	Telex 790.01051  (David Payne)
	Telex 790.01071  (24hour ops)
	      or 20591 (David Kidd)

	BAHRAIN - BTC					(973)248-464
	-------------
	Ali A. Agami (Commercial Int'l)	Telex 955.8790

	BELGIUM PTT
	-----------
	Mr. DeBosereir | Mr. DeMeyer			(322)213-3611
		Telex - 846.63468

	BERMUDA & ENGLISH CAYMAN ISLES
	------------------------------
	Cable & Wireless (Bermuda & English Cayman Isles)
	  John Townsend (Bermuda)			(809)295-4777
	  Phil Harris (Bermuda)				(809)295-4777x251
	  Jeff Marshall (Bermuda)			(809)295-4777x254
	  Nick Hopwood, Ian Simpkins (Eng Cayman)	(809)949-2223
	  Telex -  309.4211 or 309.4377 (Eng. Cayman)

	CABLE & WIRELESS (see UK, Bermuda/Cayman isles or Hong Kong)
	----------------

        TYMNET CANADA
        -------------
        David Kingsland - Mktg(I think reports to Clint)(416)229-4444

	DATAPAC
	-------
	Datapac Network Control				(613)567-5610
	Malcolm McDonnell (NCC supervisor)		(613)567-5645
		(Montreal-Operations)			(514)282-8658
		(Calgary-Operations)			(403)264-9370
		(Toronto-Operations)			(416)363-7216
	Jim Cheeseman (Datapac Intl Marketing)		(613)239-5672
	Ed Bitmanis (Datapac Intl Marketing)		(613)239-4364
	Bill Enns (Product Mgr Datapac 3000)		(613)239-4377
	Rick Lavectoire (Gateway-software)		(613)567-5631
<>

	International Contact List			  Page 2 of 7


	COMPUTER SCIENCE CORPORATION
	----------------------------
	Ken Webb 					(213)615-0311
	Wayne Turk					(213)615-0311 x1540
	Bud Bernstein					(213)615-0311 x1629

	COSTA RICA
	----------
	Paul Chen - Telex (303)1030


	FRANCE DTRE
	-----------
	Annick Blonz					(331)4233-5122
	Didier Wierkoff (Eng)				(331)4260-5152/5170
	Didier Forte (Eng)				(331)4260-5152/5170
	Karim Jammal					(331)4260-5152
	Pierre Fenichel					(331)4346-1255
	Telex -  842.220455

	FRANCE TRANSPAC
	---------------
	TNSC
	----
	Pierre Mellet					(331)4771-9115
	Thierry Docquier				(331)4771-9115
	Jean Guy Barboteau				(331)4771-9115
	John Francois Retho				(331)4771-9115
	Bob Trehin					(331)4771-9115
		Telex - 842.203791
	Michael Walters (U.K. Net Support Mgr)		(441)900-0955
	Peter Ramsbottom (CC)				      "

	Int'l centre for PTT				(331)4233-5122

	FTCC
	----
	Main Number					(212)669-9700
	John Manville (Eng)	    Telex: 82722	(212)669-9866
	Packet Switching (where nodes are located)	(212)669-9889
	Operations, Sat 16:00 till Sun 23:59		(212)669-9830
	EDX Telex Switch				(212)669-9838
	Paul NyKyforchyn				(212)669-9856
	Mohammad Chaudhry or Maurice Garvey (Opns)	(212)669-9882
	Maurice Cha Fong (Dir Opns)			(212)669-9854
	Notis Kotsilios (V.P. Engineering)		(212)669-9747
	Bob Cooper (V.P. Tymnet Intl Inc.)		(212)669-9742





	International Contact List			  Page 3 of 7


	GERMANY (West)
	--------------
	  Datex-P 
	  -------
	  24hr operations				        (4969)211-3340
		  Telex - 841.100325
	  Waltraud Foike	(07:15-15:45 German time)       (4969)211-3320/3120
		  Telex - 841.100308 

	GTE TELENET
	-----------
	International Operations			(703)689-6300
		-telex	257589 (answer back = INTL)
	  Alan Eastlake, Jerry Dudley, John McFarland, Jim Welch
	  Tom Harker
	Geroge Dillinger (Mgr Intl Opns)		(703)689-6580
	Customer Service				(703)689-6400
	Paul Thomas (Dir Carrier Relations)		(703)689-5537
		Opns Terminal - 31109090070822

	HONG KONG
	---------
	C&W (Kong-Kong) Ltd.				(852)5-283-1352
	  Alan G. Wheeler - Chief Eng Data & Pkt Swtchg.
	  Also:- Roger Kwok, Joseph Ho and S.K. Shum
	  Telex: 780.85555 CWDPS HX


	IRELAND
	-------
	Frances O'Keane (Telecom Eireann, Dublin)
		Telex - 33620
	ITT
	---
	UDTS1 (Tymnet) 24 hour Opns			(212)607-2137
	Sal Caggia (UDTS1 operations supervisor)	(212)607-2206
	John Zseller (UDTS1 Engineering)		(212)607-2184
		Telex - 425976
	UDTS2 (Worldcom) 24 hour Opns			(212)607-2468
	Ken Castellitto (UDTS2 operations supervisor)	(212)607-2191
			(UDTS2 San Francisco)		(415)989-1129
	Dave Liebau (Mgr of Operations)			(212)607-2206
	Lin Chan (head UDTS2 Engineering)		(201)330-5142
	 Tom Rigatti (UDTS2 engineering)			 3545
	 Mike Berlin (UDTS2 engineering)			 3535
	Bill Cerny (Eng Group Leader)			(212)607-2368/2183
	Mike Casey (Dir Message Switching)		(212)607-2170
	Pete Calistri (marketing)			(201)330-5755
	Rich Brolly (V.P. Marketing)			(201)330-5793

	JAMAICA 
	-------
	Packet Switching (Node near phone)		(809)922-2059
			- Telex - 381.111
	Voice						(809)922-5394



	International Contact List			  Page 4 of 7


	JAPAN (KDD - Venus-p)
	---------------------
	Mr. Hiroshyka				     (81)[3?]347-5222
		Telex - 781.26600 (24hr ops)
		Telex - 781.23900 (24hr ops)

	MEXICO
	------
	Operations - Javier Vazquez (Head of Ops)	(525)519-0593
		     General enquiries			(525)696-6155
	Cust. Spt  - Gouataloupe Ladan (Speaks English)	(525)519-2560
		     Alternative #			(525)519-0958
	Alternate number				(525)530-3060
		- Telex 383.1760208 (operations)
	Augustin Sanchez				(905)511-5201
		- Telex 383.170978
		- Teminal addr 33049050030164

	NETHERLANDS NPT
	---------------
	Mr. Jan de Heer	 (Tech. contact)		(317)075-7161
		- Telex 844.18020
	Mr. Vermeulen	 (Mkting contact)		(312)074-3109
		- Telex 844.32544

	PHILIPPINES - Eastern Telecom. Philippines / Philippines Global Com.
	---------------------------------------------------------------------
	Joel Sorialo (for node 1013) - ETPI		(632)815-1558
	Mauricio Valbuena, Jr. (Tech) - PGC		(632)816-2851

	PORTUGAL - CPRM (Marconi, Lisbon)
	---------------------------------
		 - Telex 832.00070

	PUERTO RICO TELEPHONE COMPANY (PRTC)
	------------------------------------
	Control Centre					(809)792-8484
	Special services, escalation level...
		1)Marcos Claudio			(809)782-8208
		2)Hivam Febus				(809)782-8282
		3)Eudes Cruz				(809)782-8282
		4)Jorge Rodriguez			(809)792-6262
		5)Raymond Bauza - V.P. Marketing	(809)792-6262
	Customer Problems (Private Line control)	(809)725-2626
	Installations (Voice & Data Eng.)
		1)Fidel Ortiz				(809)792-6262
		2)Rafael Rodriguez			(809)792-6262 x4200
		3)Manuel Hernandez			(809)792-6262 x4272



	International Contact list			Page 5 of 7


	RCA
	---
	John Friedland (Mgr. Opns)			(201)885-4340
	Lee Briones (operations)			(201)885-4022
		Telex - 253001
	Phone near nodes				(201)885-4023
	Barry       (shift supervisor)			(201)885-4031
	Jim Fitzpatrick (marketing)			(201)885-4128
	Joe Fitzgerald (head of engineering)		(201)885-4052
	 John Frankel (engineering)			(201)885-4130
	 Conrad Bigornia (engineering)			(201)885-4153
		Telex - 253055
	West Coast Operations				(415)546-2019/2021
	Fred Marker (engineering San Francisco)		(415)546-2101
	  Jack Wong					(415)546-2073
	  Jim Killpatrick (engineering)			(415)546-2099
							(415)546-2018

	SOUTH AFRICA
	------------
	Steve Mailer					(2711)706-6145

	SINGAPORE - Telepac
	-------------------
	Douglas T. P. Tjong (Eng.)			(65)734--3344
			Telex 786.33311
	C.C. Lim	Telex 786.36379 (??)
	Tymnet contact in region -
	 Keith Barbero, Director ISG (MDC)		(65)225--5488

	SWITZERLAND PTT - (Telepac)
	---------------------------
		- OnTyme INTL.TLPACOPNS
		- X.121 - 22840110999 (Interactive with operators)

	TAIWAN (DCI-TPE - NOT ITA!!)
	----------------------------
	Yen Swem 	Telex 20684

	TELEGLOBE
	---------
	Executive Offices				(514)289-7272
	Mr.  Stanko Patacic				(514)289-7823
	Mechele Guillemette, Pete Stevenson (Comm Tech)	(514)289-7823
	Tony Curiale (operations supervisor)		(514)289-7818
	Frank Chan  (engineering supervisor)		(514)289-7668
	  George Foti (engineering)			(514)289-7681
	Marketing					(514)289-7917
	Night operations				(514)289-7594
		Telex - 389.219212



	International Contact list			Page 6 of 7



	TNSC - See under FRANCE
	----

	TRINIDAD
	--------
	Richard Beckles (Eng. & Ops)			(809)623-6617
	Keathe Ali					    ditto
	Hollis Bertrand (System Dev. & Net. access)	(809)625-6982
	  Bernice Lumsden (reports to Hollis)		(809)623-0457

	TRT
	---
	John Cahill (Dir Intl Programs)			(202)879-2264
	Peter Sarro (Marketing & Carrier Relations)	(202)879-2270
	Telex - 197680
	   Franco Godoy (engineering)			(202)879-2222
	   Jack Shields (Mgr Tech Planning)		(202)879-2213
	      Tom Otradovec (Tech Planning)		(202)879-2216
	      Hector Rivera (Tech Planning)		(202)879-2221
	Tim Fredritz (operations)			(202)347-8091
	Phone near node (Washington)			(202)347-4149
	Marcus Krause, Bob Love (San Francisco)		(415)896-0491

	TYMNET EUROPEAN OPERATIONS
	--------------------------
	Jefsey Morfin					(331)4602-6132
	Dominique Marchand				(331)4602-6132
	Pascale Husson



	International Contact list			Page 7 of 7

        UNITED KINGDOM
        --------------


	IPSS U.K.
	---------
	PSS (Domestic UK) Customer Service/NETCON	(441)240-3012
	Phil Tarr (operations)				(441)936-2747
	Dave Curtis					(441)936-2747
	Ron Elgar					(441)936-2747
	Howard Shenton					(441)936-2747
	Peter Allen (head of operations)		(441)936-2178
	Kieth Newell (technical planning)		(441)936-2358
	Terry Lake  (marketing)				(441)936-2177
	Netcon/Cust. Serv. - Telex: 261970 (answers EHIDCG)

	CABLE & WIRELESSS  (London, England)		Telex - 851.23181
	-----------------
	  Julian Grudzien (Eng)				(441)242-4433x4537
	  Tariq Hussain (Eng)				(441)242-4433x4538
	  Alan Keech (Operations Mngr)			(441)242-4433x4280

        MERCURY (owned and operated by Cable and Wireless)
	-------
	Debbie Venn (Contact info)			(441)836-2449
	Marketing - Ontyme INTL.MCLMKTG
		Telex - 851.28846



	UNINET
	------
	Chuck Norman (Engineering)			(913)541-4573
	Customer Support				(800)821-5340
	Customer Support (Dale Urban)			(913)541-4655

	WUI
	---
	Main Number					(914)937-3444
	Tom Chin (head of engineering)			(914)934-6293,6294
	Gideon Sasson (Sr. Engineer)			(914)934-6531
	Ralph Ascione (engineering)			(914)934-6304,6303
		Telex - 667454
	Vincent Vecchio (Planning)			     934-6018
	Operations (NYC)				(212)701-2265
	Jim Collins (operations)			(212)701-2252
	Weekday reporting				(212)701-2295,96
	Operations Supervisor				(212)701-2250,53
	San Francisco Main Number			(415)974-5000
	Bill Welch (operations)				(415)974-5857
	Jerry Johnson (Mgr Eng Datatransport)		(202)463-3375  