PAGE 1-1			MTTRK.DMC     THU 27-JUL-95 10:09

O BASE4.
DEFINE TEXT 2 DM$.
DEFINE REAL STRT.
DEFINE REAL STP.
SET FMSG OFF.
SET FERR OFF.
TYPE "PLEASE ENTER START DATE ".
ACCEPT STRT.
TYPE "     ".
TYPE "PLEASE ENTER STOP  DATE  ".
ACCEPT STP.
TYPE "READY!!!---GO!!!".
F HRGN EQ 'BTAUS' OR EQ 'BTBNL' OR EQ 'BTFR' OR EQ 'BTGER' OR EQ 'BTITA' 
OR EQ 'BTSP' OR EQ 'BTSWE' OR EQ 'BTSZ' OR EQ 'ENOPS' DUP GE STRT AND LE STP.
SEA ALL.
TYPE ELM/60 TNUM DUP SVER PROD COC HRGN FORMAT I6 2X I6 2X I5 2X I1 5X A6 2X A15
 2X A10 END.
CLOSE.
QUIT.
 
 
PAGE 1-1			LB1TKT.DMC     THU 27-JUL-95 10:09

O (TNT)BASE1.
DEFINE TEXT 2 DM$.
DEFINE REAL STRDATE.
DEFINE REAL STPDATE.
SET FMSG OFF.
SET FERR OFF.
TYPE "FOR TIKCETS OPENED FROM ( X22 FORMAT ) ".
ACCEPT STRDATE.
TYPE "                     TO ( X22 FORMAT ) ".
ACCEPT STPDATE.
TYPE "SET PRINTER OR RECORDING MODE AND HIT RETURN".
ACCEPT DM$.
F SDAT GE STRDATE AND LE STPDATE HN EQ 8 OR 21 OR 22.
TYPE TNUM CNAM COMMNT NODE KHST HOST PROD SVER STAT HN MAINT V5 V6 SDAT TIME DUP TUP CDAT TCLSD ELM COC LOCAL FORMAT I8 A15 A20 I5 I**5 I6 A5 I1 A5 I2 A5 I2 I3 I5 I11 I5 I11 I5 I11 I6 A10 A20 END.
CLOSE.
QUIT.
PAGE 1-1			LSTB01.DMC     THU 27-JUL-95 10:09

TYPE "STARTING...".
TYPE TNUM CNAM RE NODE KHST HOST PROD SVER STAT HN MAINT V5 V6 SDAT TIME DUP TUP CDAT TCLSD ELM COC LOCAL "AA" COMMNT FORMAT I8 A15 **A20 I5 I5 I6 A5 I1 A5 I2 A5 I2 I3 I5 I11 I5 I11 I5 I11 I6 A10 A20 A2 A20 END.
PAGE 1-1			PRTM1E.DMC     THU 27-JUL-95 10:09

PRINT ON 1 "X22>>" FORMAT A5 END.
PAGE 1-1			LSTD1.DMC     THU 27-JUL-95 10:09

TYPE TNUM COMMNT SDAT TIME DUP TUP CDAT TCLSD ELM PROD COC SVER FORMAT I8 A20 I5 I11 I5 I11 I5 I11 I8 A5 A5 A1 END.
PAGE 1-1			EURO.DMC     THU 27-JUL-95 10:09

O BASE4.
DEFINE TEXT 2 DM$.
DEFINE TEXT 5 REF$.
DEFINE REAL STRT.
DEFINE REAL STP.
DEFINE INEGER SV.
DEFINE REAL TOT1 TOT2 TOT3 TOT4 TOT5 TOT6 TOT7 TOT8 TOT9 TOT10 TOT11.
DEFINE REAL M1 M2 M3 M4 M5 M6 M7 M8 M9 M10 M11.
SET FMSG OFF.
SET FERR OFF.
TYPE "     ".
TYPE "     ".
TYPE "     ".
TYPE "PLEASE ENTER START DATE (X22 FORMAT) ".
ACCEPT STRT.
TYPE "     ".
TYPE "     ".
TYPE "     ".
TYPE "PLEASE ENTER STOP DATE (X22 FORMAT) ".
ACCEPT STP.
TYPE "     ".
TYPE "PLEASE ENTER CUSTOMER NAME ".
ACCEPT REF$.
TYPE "ASSURE PRINTER ECHO IS ON AND DEPRESS ENTER <CONTINUE> ".
ACCEPT DM$.
F DUP GE STRT AND LE STP.
SEA CNAM EQ REF$.
TYPE '   MTTR TKT #   SVER  PRODUCT'.
TYPE ELM/60 CNAM TNUM SDAT CDAT SVER PROD FORMAT I6 2X A15 2X I6 2X I5 2X I5 2X I1 5X A6 END.
TYPE "MEAN MTTR".
TYPE "---------".
TYPE MEAN ELM/60.
SAVE EUROX.
F COC EQ 'SOFTWARE' FILE EUROX.
TYPE "SOFTWARE MTTR".
TYPE "-------------".
TYPE MEAN ELM/60.
TYPE MAX SYSRECNO.
F COC EQ 'HARDWARE' FILE EUROX.
TYPE "HARDWARE MTTR".
TYPE "-------------".
TYPE MEAN ELM/60.
TYPE MAX SYSRECNO.
F COC EQ 'COMMON CAR' FILE EUROX.
TYPE "TELCO MTTR".
TYPE "----------".
TYPE MEAN ELM/60.
TYPE MAX SYSRECNO.


CLOSE.

QUIT.

PAGE 1-1			LB2TKT.DMC     THU 27-JUL-95 10:09

O (TNT)BASE2.
DEFINE REAL TKT.
TYPE "PLEASE ENTER TICKET NUMBER: ".
ACCEPT TKT.
F TNUM EQ TKT.
TYPE TNUM SDAT TIME WHO RS STAT INFO UNAM ORDER.
CLOSE.
QUIT.
PAGE 1-1			LSTFB1.DMC     THU 27-JUL-95 10:09

TYPE "STARTING...".
TYPE TNUM CNAM COMMNT NODE KHST HOST PROD SVER STAT HN MAINT V5 V6 SDAT TIME DUP TUP CDAT TCLSD ELM COC LOCAL FORMAT I8 A15 A20 I5 I**5 I6 A5 I1 A5 I2 A5 I2 I3 I5 I11 I5 I11 I5 I11 I6 A10 A20 END.
PAGE 1-1			LSTB11.DMC     THU 27-JUL-95 10:09

TYPE "STARTING...".
TYPE TNUM CNAM RE NODE KHST HOST PROD SVER STAT HN MAINT V5 V6 SDAT TIME DUP TUP CDAT TCLSD ELM COC LOCAL "  " COMMNT FORMAT I8 A15 **A20 I5 I5 I6 A5 I1 A5 I2 A5 I2 I3 I5 I11 I5 I11 I5 I11 I6 A10 A20 A2 A20 END.
PAGE 1-1			SV1WEE.DMC     THU 27-JUL-95 10:09

O (TNT)BASE4.
DEFINE TEXT 2 DM$.
DEFINE REAL STRT.
DEFINE REAL STP.
DEFINE REAL TOT1 TOT2 TOT3 TOT4 TOT5 TOT6 TOT7 TOT8 TOT9.
DEFINE REAL TOT10 TOT11 TOT12 TOT13 TOT14 TOTGL TOTNA TOTPR TOTER.
DEFINE REAL TOT1234 TOT134.
DEFINE REAL T15 T112 T124.
DEFINE REAL T25 T212 T224.
DEFINE REAL T35 T312 T324.
DEFINE REAL T45 T412 T424.
DEFINE REAL T55 T512 T524.
DEFINE REAL T65 T612 T624.
DEFINE REAL T75 T712 T724.
DEFINE REAL T85 T812 T824.
DEFINE REAL T95 T912 T924.
DEFINE REAL T105 T1012 T1024.
DEFINE REAL T115 T1112 T1124.
DEFINE REAL T125 T1212 T1224.
DEFINE REAL T135 T1312 T1324.
DEFINE REAL T145 T1412 T1424.
DEFINE REAL TGL15 TGL112 TGL124.
DEFINE REAL TNA15 TNA112 TNA124.
DEFINE REAL TPR15 TPR112 TPR124.
DEFINE REAL TER15 TER112 TER124.

DEFINE REAL T12345 T123412 T123424.
DEFINE REAL T1345 T13412 T13424.
DEFINE REAL M1 M2 M3 M4 M5 M6 M7 M8 M9 M10 M11 M12 M13 M14 MGL MNA MPR MER.
DEFINE REAL M17 M18 M19 M20 M21.
SET FMSG OFF.
SET FERR OFF.
TYPE "     ".
TYPE "     ".
TYPE "     ".
TYPE "PLEASE ENTER START DATE (X22 FORMAT) ".
ACCEPT STRT.
TYPE "     ".
TYPE "     ".
TYPE "     ".
TYPE "PLEASE ENTER STOP DATE (X22 FORMAT) ".
ACCEPT STP.
TYPE "     ".
TYPE "     ".
TYPE "     ".
TYPE "ASSURE PRINTER ECHO IS ON AND DEPRESS ENTER <CONTINUE> ".
ACCEPT DM$.
TYPE "     ".
TYPE "     ".
TYPE "     ".
DPL START.
TYPE "BT TYMNET".
TYPE "QUALITY ASSURANCE REPORT".
TYPE "MTTR REPORT".
TYPE "SEVERITY LEVEL I CLOSEOUT TIMES".
TYPE "=====================================================================".
TYPE "   ".
TYPE "------------------".
PAGE 1-2			SV1WEE.DMC     THU 27-JUL-95 10:09

TYPE "EUROPE            ".
TYPE "------------------".
F SVER EQ 1 SDAT GE STRT AND LE STP HN EQ 8 OR 11 OR 21 OR 22.
SAVE XXXXX.
EV TOTER EQ MAX SYSRECNO.
EV MER EQ MEAN ELM/60.
TYPE "   ".
TYPE "---------------------------------------------------------------------".
TYPE "   ".
TYPE "MEAN ELM   --------------------------------> " MER.
TYPE "   ".
SORT ELM.
GETREC RER1 TOTER/2.
RER1: TYPE "MEDIAN ELM --------------------------------> " ELM/60.
TYPE "   ".
TYPE "---------------------------------------------------------------------".
TYPE "   ".

F ELM LE 300 FILE XXXXX.
EV TER15 EQ MAX SYSRECNO.
F ELM GT 300 AND LE 720 FILE XXXXX.
EV TER112 EQ MAX SYSRECNO.
F ELM GT 720 AND LE 1440 FILE XXXXX.
EV TER124 EQ MAX SYSRECNO.
TYPE "   ".
TYPE "TOTAL TICKETS FOUND -----------------------> " TOTER.
TYPE "   ".
TYPE "% CLOSED <= 5 HOURS  -----------------------> " (TER15/TOTER)*100 "%".
TYPE "   ".
TYPE "% CLOSED >  5 HOURS <= 12 HOURS ------------> " (TER112/TOTER)*100 "%".
TYPE "   ".
TYPE "% CLOSED > 12 HOURS <= 24 HOURS ------------> " (TER124/TOTER)*100 "%".
TYPE "   ".
TYPE "   ".
TYPE "   ".
TYPE "TKT#   CUSTOMER        RE         COC        ELM (HRS.)".
TYPE "----   --------        --         ---        ----------".
F TNUM NE 0 FILE XXXXX.
SORT ELM.
TYPE TNUM CNAM RE COC HRGN DUP ELM/60.

TYPE "   ".

CLOSE.
DPL END.
QUIT.

PAGE 1-1			LSTB21.DMC     THU 27-JUL-95 10:09

TYPE "STARTING...".
TYPE TNUM CNAM RE NODE KHST HOST PROD SVER STAT HN MAINT V5 V6 SDAT TIME DUP TUP CDAT TCLSD ELM COC LOCAL "00" COMMNT FORMAT I8 A15 **A20 I5 I5 I6 A5 I1 A5 I2 A5 I2 I3 I5 I11 I5 I11 I5 I11 I6 A10 A20 A2 A20 END.
PAGE 1-1			LSTFB2.DMC     THU 27-JUL-95 10:09

TYPE "STARTING...".
TYPE TNUM ORDER TIME WHO RS STAT UNAM SDAT STYP FORMAT I8 I5 A5 A3 I1 A5 A10 I5 A1 END.
PAGE 1-1			LSTFB9.DMC     THU 27-JUL-95 10:09

TYPE "STARTING...".
TYPE TNUM CNAM COMMNT COC LOCAL NODE KHST HOST SLOT FORMAT I9 A15 A20 A10 A10 I5 I5 I6 A2 END.
PAGE 1-1			LSTM1.DMC     THU 27-JUL-95 10:09

TYPE "STARTING...".
TYPE TNUM SVER MAINT HN SDAT CNAM COMMNT DUP TIME FORMAT I8 I1 A5 I2 I5 A15 A20 I5 I11 END.
PAGE 1-1			MTTR2.DMC     THU 27-JUL-95 10:09

O BASE4.
DEFINE TEXT 2 DM$.
DEFINE TEXT 5 REF$.
DEFINE REAL STRT.
DEFINE REAL STP.
DEFINE INEGER SV.
DEFINE REAL TOT1 TOT2 TOT3 TOT4 TOT5 TOT6 TOT7 TOT8 TOT9 TOT10 TOT11.
DEFINE REAL M1 M2 M3 M4 M5 M6 M7 M8 M9 M10 M11.
SET FMSG OFF.
SET FERR OFF.
TYPE "     ".
TYPE "     ".
TYPE "     ".
TYPE "PLEASE ENTER START DATE (X22 FORMAT) ".
ACCEPT STRT.
TYPE "     ".
TYPE "     ".
TYPE "     ".
TYPE "PLEASE ENTER STOP DATE (X22 FORMAT) ".
ACCEPT STP.
TYPE "     ".
TYPE "     ".
TYPE "PLEASE ENTER SEVERITY LEVEL FOR REPORT (1,2,3, OR 4) ".
ACCEPT SV.
TYPE "     ".
TYPE "     ".
TYPE "PLEASE ENTER REFERAL GROUP FOR TRACKING ".
ACCEPT REF$.
TYPE "ASSURE PRINTER ECHO IS ON AND DEPRESS ENTER <CONTINUE> ".
ACCEPT DM$.
TYPE "     ".
TYPE "     ".
TYPE "     ".
TYPE "BT EUROPE".
TYPE "QUALITY REPORT".
TYPE "SEVERITY LEVEL " SV " CLOSEOUT TIMES".
TYPE "=====================================================================".
TYPE "   ".
F HRGN EQ 'BTGER' OR EQ 'BTFR'.
SEA ALL.
TYPE '   MTTR TKT #   SVER  PRODUCT'.
TYPE ELM/60 TNUM DUP SVER PROD COC HRGN FORMAT I6 2X I6 2X I5 2X I1 5X A6 2X A15 2X A10 END.
TYPE "MEAN MTTR".
TYPE "---------".
TYPE MEAN ELM/60.
SAVE EEEEE.
F COC EQ 'SOFTWARE' FILE EEEEE.
TYPE "SOFTWARE MTTR".
TYPE "-------------".
TYPE MEAN ELM/60.
TYPE MAX SYSRECNO.
F COC EQ 'HARDWARE' FILE EEEEE.
TYPE "HARDWARE MTTR".
TYPE "-------------".
TYPE MEAN ELM/60.
TYPE MAX SYSRECNO.
F COC EQ 'COMMON CAR' FILE EEEEE.
TYPE "TELCO MTTR".
PAGE 1-2			MTTR2.DMC     THU 27-JUL-95 10:09

TYPE "----------".


CLOSE.


QUIT.
PAGE 1-1			MTTRK1.DMC     THU 27-JUL-95 10:09

O BASE4.
DEFINE TEXT 2 DM$.
DEFINE TEXT 5 REF$.
DEFINE REAL STRT.
DEFINE REAL STP.
DEFINE INEGER SV.
DEFINE REAL TOT1 TOT2 TOT3 TOT4 TOT5 TOT6 TOT7 TOT8 TOT9 TOT10 TOT11.
DEFINE REAL M1 M2 M3 M4 M5 M6 M7 M8 M9 M10 M11.
SET FMSG OFF.
SET FERR OFF.
TYPE "     ".
TYPE "     ".
TYPE "PLEASE ENTER START DATE (X22 FORMAT) ".
ACCEPT STRT.
TYPE "     ".
TYPE "     ".
TYPE "PLEASE ENTER STOP DATE (X22 FORMAT) ".
ACCEPT STP.
TYPE "     ".
TYPE "     ".
TYPE "ASSURE PRINTER ECHO IS ON AND DEPRESS ENTER <CONTINUE> ".
ACCEPT DM$.
F HRGN EQ 'BTAUS' OR EQ 'BTBNL' OR EQ 'BTFR' OR EQ 'BTGER' OR EQ 'BTITA' 
OR EQ 'BTSP' OR EQ 'BTSWE' OR EQ 'BTSZ' OR EQ 'ENOPS' DUP GE STRT AND LE STP.
SEA ALL.
TYPE ELM/60 TNUM DUP SVER PROD COC HRGN FORMAT I6 2X I6 2X I5 2X I1 5X A6 2X A15
 2X A10 END.
CLOSE.
 
 
QUIT.
PAGE 1-1			LB4TKT.DMC     THU 27-JUL-95 10:09

O (TNT)BASE4.
DEFINE TEXT 2 DM$.
DEFINE REAL STRDATE.
DEFINE REAL STPDATE.
SET FMSG OFF.
SET FERR OFF.
TYPE "FOR TIKCETS OPENED FROM ( X22 FORMAT ) ".
ACCEPT STRDATE.
TYPE "                     TO ( X22 FORMAT ) ".
ACCEPT STPDATE.
TYPE "SET PRINTER OR RECORDING MODE AND HIT RETURN".
ACCEPT DM$.
F SDAT GE STRDATE AND LE STPDATE HN EQ 8 OR 21 OR 22.
TYPE TNUM CNAM COMMNT NODE KHST HOST PROD SVER STAT HN MAINT V5 V6 SDAT TIME DUP TUP CDAT TCLSD ELM COC LOCAL FORMAT I8 A15 A20 I5 I**5 I6 A5 I1 A5 I2 A5 I2 I3 I5 I11 I5 I11 I5 I11 I6 A10 A20 END.
CLOSE.
QUIT.
PAGE 1-1			LSTB40.DMC     THU 27-JUL-95 10:09

TYPE "STARTING...".
TYPE TNUM CNAM COMMNT NODE KHST HOST PROD SVER STAT HN MAINT V5 V6 SDAT TIME DUP TUP CDAT TCLSD ELM COC LOCAL "AA" FORMAT I8 A15 A20** I5 I5 I6 A5 I1 A5 I2 A5 I2 I3 I5 I11 I5 I11 I5 I11 I6 A10 A20 A2 END.
PAGE 1-1			LSTB04.DMC     THU 27-JUL-95 10:09

TYPE "STARTING...".
TYPE TNUM CNAM RE NODE KHST HOST PROD SVER STAT HN MAINT V5 V6 SDAT TIME DUP TUP CDAT TCLSD ELM COC LOCAL "AA" COMMNT FORMAT I8 A15 **A20 I5 I5 I6 A5 I1 A5 I2 A5 I2 I3 I5 I11 I5 I11 I5 I11 I6 A10 A20 A2 A20 END.
PAGE 1-1			LSTFB3.DMC     THU 27-JUL-95 10:09

TYPE "STARTING...".
TYPE TNUM SVER MAINT HN SDAT CNAM COMMNT DUP FORMAT I8 I1 A5 I2 I5 A15 A20 I5 END.
PAGE 1-1			LSTM2.DMC     THU 27-JUL-95 10:09

TYPE MAX TNUM ORDER TIME WHO RS STAT UNAM SDAT STYP FORMAT I8 I5 A5 A3 I1 A5 A10 I5 A1 END.
PAGE 1-1			EURO1.DMC     THU 27-JUL-95 10:09

O BASE1.
DEFINE TEXT 2 DM$.
DEFINE TEXT 5 REF$.
DEFINE REAL STRT.
DEFINE REAL STP.
DEFINE REAL SV.
DEFINE REAL TOT1 TOT2 TOT3 TOT4 TOT5 TOT6 TOT7 TOT8 TOT9 TOT10 TOT11.
DEFINE REAL M1 M2 M3 M4 M5 M6 M7 M8 M9 M10 M11.
SET FMSG OFF.
SET FERR OFF.
TYPE "     ".
TYPE "     ".
TYPE "     ".
TYPE "PLEASE ENTER TICKET NUMBER ".
ACCEPT SV.
F TNUM EQ SV.
TYPE TNUM RNAM COMMNT CCOD SCON FORMAT I8 1X A20 1X A20 1X I3 1X A20 END.
CLOSE.

QUIT.

PAGE 1-1			LSTB14.DMC     THU 27-JUL-95 10:09

TYPE "STARTING...".
TYPE TNUM CNAM RE NODE KHST HOST PROD SVER STAT HN MAINT V5 V6 SDAT TIME DUP TUP CDAT TCLSD ELM COC LOCAL "  " COMMNT FORMAT I8 A15 **A20 I5 I5 I6 A5 I1 A5 I2 A5 I2 I3 I5 I11 I5 I11 I5 I11 I6 A10 A20 A2 A20 END.
PAGE 1-1			LSTM3.DMC     THU 27-JUL-95 10:09

TYPE MAX TNUM ORDER TIME WHO RS STAT UNAM SDAT STYP "X22>>" FORMAT I8 I5 A5 A3 I1 A5 A10 I5 A1 A5 END.
PAGE 1-1			PRTM7.DMC     THU 27-JUL-95 10:09

PRINT ON 1 MAX TNUM SDAT TIME " " FORMAT I8 I5 I11 A30 END.
PAGE 1-1			EURO2.DMC     THU 27-JUL-95 10:09

O BASE1.
DEFINE TEXT 2 DM$.
DEFINE TEXT 5 REF$.
DEFINE REAL STRT.
DEFINE REAL STP.
DEFINE REAL SV.
DEFINE REAL TOT1 TOT2 TOT3 TOT4 TOT5 TOT6 TOT7 TOT8 TOT9 TOT10 TOT11.
DEFINE REAL M1 M2 M3 M4 M5 M6 M7 M8 M9 M10 M11.
SET FMSG OFF.
SET FERR OFF.
TYPE "     ".
TYPE "     ".
TYPE "     ".
TYPE "PLEASE ENTER TICKET NUMBER ".
ACCEPT SV.
F TNUM EQ SV.
TYPE TNUM RNAM RFON WHO SCON FORMAT I8 1X A20 1X A20 1X A3 1X A20 END.
CLOSE.

QUIT.

PAGE 1-1			MTTRDA.DMC     THU 27-JUL-95 10:09

O BASE4.
DEFINE TEXT 2 DM$.
DEFINE TEXT 5 REF$.
DEFINE REAL STRT.
DEFINE REAL STP.
DEFINE INEGER SV.
DEFINE REAL TOT1 TOT2 TOT3 TOT4 TOT5 TOT6 TOT7 TOT8 TOT9 TOT10 TOT11.
DEFINE REAL M1 M2 M3 M4 M5 M6 M7 M8 M9 M10 M11.
SET FMSG OFF.
SET FERR OFF.
TYPE "     ".
TYPE "     ".
TYPE "     ".
TYPE "PLEASE ENTER START DATE (X22 FORMAT) ".
ACCEPT STRT.
TYPE "     ".
TYPE "     ".
TYPE "     ".
TYPE "PLEASE ENTER STOP DATE (X22 FORMAT) ".
ACCEPT STP.
TYPE "     ".
TYPE "     ".
TYPE "PLEASE ENTER SEVERITY LEVEL FOR REPORT (1,2,3, OR 4) ".
ACCEPT SV.
TYPE "     ".
TYPE "     ".
TYPE "PLEASE ENTER REFERAL GROUP FOR TRACKING ".
ACCEPT REF$.
TYPE "ASSURE PRINTER ECHO IS ON AND DEPRESS ENTER <CONTINUE> ".
ACCEPT DM$.
TYPE "     ".
TYPE "     ".
TYPE "     ".
TYPE "BT EUROPE".
TYPE "QUALITY REPORT".
TYPE "SEVERITY LEVEL " SV " CLOSEOUT TIMES".
TYPE "=====================================================================".
TYPE "   ".
F SVER EQ SV.
SEA HRGN EQ REF$.
TYPE '   MTTR TKT #   SVER  PRODUCT'.
TYPE ELM/60 TNUM DUP SVER PROD COC HRGN FORMAT I6 2X I6 2X I5 2X I1 5X A6 2X A15 2X A10 END.
TYPE "MEAN MTTR".
TYPE "---------".
TYPE MEAN ELM/60.
SAVE EEEEE.
F COC EQ 'SOFTWARE' FILE EEEEE.
TYPE "SOFTWARE MTTR".
TYPE "-------------".
TYPE MEAN ELM/60.
TYPE MAX SYSRECNO.
F COC EQ 'HARDWARE' FILE EEEEE.
TYPE "HARDWARE MTTR".
TYPE "-------------".
TYPE MEAN ELM/60.
TYPE MAX SYSRECNO.
F COC EQ 'COMMON CAR' FILE EEEEE.
TYPE "TELCO MTTR".
PAGE 1-2			MTTRDA.DMC     THU 27-JUL-95 10:09

TYPE "----------".
TYPE MEAN ELM/60.
TYPE MAX SYSRECNO.


CLOSE.

QUIT.

PAGE 1-1			LB6TKT.DMC     THU 27-JUL-95 10:09

O (TNT)BASE6.
DEFINE REAL TKT.
TYPE "PLEASE ENTER TICKET NUMBER: ".
ACCEPT TKT.
F TNUM EQ TKT.
TYPE TNUM SDAT TIME NDAT NTIM RS STAT MAINT ELM NET SVER PROB COC WHO ADAT ATIM ZONE AELM.
CLOSE.
QUIT.
PAGE 1-1			LSTB24.DMC     THU 27-JUL-95 10:09

TYPE "STARTING...".
TYPE TNUM CNAM RE NODE KHST HOST PROD SVER STAT HN MAINT V5 V6 SDAT TIME DUP TUP CDAT TCLSD ELM COC LOCAL "00" COMMNT FORMAT I8 A15 **A20 I5 I5 I6 A5 I1 A5 I2 A5 I2 I3 I5 I11 I5 I11 I5 I11 I6 A10 A20 A2 A20 END.
TYPE "ENTER <CNTRL-BREAK> OR <CNTRL-PAUSE>".
TYPE "*** *** ***".
PAGE 1-1			PRTFB2.DMC     THU 27-JUL-95 10:09

PRINT ON 2 TNUM ORDER TIME WHO RS STAT UNAM SDAT STYP FORMAT I8 I5 A5 A3 I1 A5 A10 I5 A1 END.
PAGE 1-1			PRTM1.DMC     THU 27-JUL-95 10:09

PRINT ON 1 TNUM SVER MAINT HN SDAT CNAM COMMNT DUP TIME PROD " " TUP V6 FORMAT I8 I1 A5 I2 I5 A15 A20 I5 I11 A5 A8 I11 I6 END.
PAGE 1-1			TKTWEE.DMC     THU 27-JUL-95 10:09

O (TNT)BASE4.
DEFINE TEXT 2 DM$.
DEFINE REAL STRT.
DEFINE REAL STP.
DEFINE REAL TOT1 TOT2 TOT3 TOT4 TOT5 TOT6 TOT7 TOT8 TOT9.
DEFINE REAL TOT10 TOT11 TOT12 TOT13 TOT14 TOTGL TOTNA TOTPR TOTER.
DEFINE REAL TOT1234 TOT134.
DEFINE REAL T15 T112 T124.
DEFINE REAL T25 T212 T224.
DEFINE REAL T35 T312 T324.
DEFINE REAL T45 T412 T424.
DEFINE REAL T55 T512 T524.
DEFINE REAL T65 T612 T624.
DEFINE REAL T75 T712 T724.
DEFINE REAL T85 T812 T824.
DEFINE REAL T95 T912 T924.
DEFINE REAL T105 T1012 T1024.
DEFINE REAL T115 T1112 T1124.
DEFINE REAL T125 T1212 T1224.
DEFINE REAL T135 T1312 T1324.
DEFINE REAL T145 T1412 T1424.
DEFINE REAL TGL15 TGL112 TGL124.
DEFINE REAL TNA15 TNA112 TNA124.
DEFINE REAL TPR15 TPR112 TPR124.
DEFINE REAL TER15 TER112 TER124.

DEFINE REAL T12345 T123412 T123424.
DEFINE REAL T1345 T13412 T13424.
DEFINE REAL M1 M2 M3 M4 M5 M6 M7 M8 M9 M10 M11 M12 M13 M14 MGL MNA MPR MER.
DEFINE REAL M17 M18 M19 M20 M21.
SET FMSG OFF.
SET FERR OFF.
TYPE "     ".
TYPE "     ".
TYPE "     ".
TYPE "PLEASE ENTER START DATE (X22 FORMAT) ".
ACCEPT STRT.
TYPE "     ".
TYPE "     ".
TYPE "     ".
TYPE "PLEASE ENTER STOP DATE (X22 FORMAT) ".
ACCEPT STP.
TYPE "     ".
TYPE "     ".
TYPE "     ".
TYPE "ASSURE PRINTER ECHO IS ON AND DEPRESS ENTER <CONTINUE> ".
ACCEPT DM$.
TYPE "     ".
TYPE "     ".
TYPE "     ".
DPL START.
TYPE "BT TYMNET".
TYPE "QUALITY ASSURANCE REPORT".
TYPE "MTTR REPORT".
TYPE "SEVERITY LEVEL I CLOSEOUT TIMES".
TYPE "=====================================================================".
TYPE "   ".
TYPE "------------------".
PAGE 1-2			TKTWEE.DMC     THU 27-JUL-95 10:09

TYPE "EUROPE            ".
TYPE "------------------".
F SDAT GE STRT AND LE STP HN EQ 8 OR 11 OR 21 OR 22.
SAVE XXXXX.
EV TOTER EQ MAX SYSRECNO.
EV MER EQ MEAN ELM/60.
TYPE "   ".
TYPE "---------------------------------------------------------------------".
TYPE "   ".
TYPE "MEAN ELM   --------------------------------> " MER.
TYPE "   ".
SORT ELM.
GETREC RER1 TOTER/2.
RER1: TYPE "MEDIAN ELM --------------------------------> " ELM/60.
TYPE "   ".
TYPE "---------------------------------------------------------------------".
TYPE "   ".

F ELM LE 300 FILE XXXXX.
EV TER15 EQ MAX SYSRECNO.
F ELM GT 300 AND LE 720 FILE XXXXX.
EV TER112 EQ MAX SYSRECNO.
F ELM GT 720 AND LE 1440 FILE XXXXX.
EV TER124 EQ MAX SYSRECNO.
TYPE "   ".
TYPE "TOTAL TICKETS FOUND -----------------------> " TOTER.
T   ".
TYPE "% CLOSED <= 5 HOURS  -----------------------> " (TER15/TOTER)*100 "%".
TYPE "   ".
TYPE "% CLOSED >  5 HOURS <= 12 HOURS ------------> " (TER112/TOTER)*100 "%".
TYPE "   ".
TYPE "% CLOSED > 12 HOURS <= 24 HOURS ------------> " (TER124/TOTER)*100 "%".
TYPE "   ".
TYPE "   ".
TYPE "   ".
TYPE "TKT#   CUSTOMER        RE         COC        ELM (HRS.)".
TYPE "----   --------        --         ---        ----------".
F TNUM NE 0 FILE XXXXX.
SORT ELM.
TYPE TNUM CNAM RE COC HRGN DUP ELM/60.

TYPE "   ".

CLOSE.
DPL END.
QUIT.

PAGE 1-1			SV1LST.DMC     THU 27-JUL-95 10:09

O (TNT)BASE4.
DEFINE TEXT 2 DM$.
DEFINE INTEGER STRT.
DEFINE INTEGER STP.
DEFINE REAL SV.
DEFINE INTEGER NHN.
DEFINE REAL TOT1 TOT2 TOT3 TOT4 TOT5 TOT6 TOT7 TOT8 TOT9.
DEFINE REAL TOT10 TOT11 TOT12 TOT13 TOT14 TOTGL TOTNA TOTPR TOTER.
DEFINE REAL TOT1234 TOT134.
DEFINE REAL T15 T112 T124.
DEFINE REAL T25 T212 T224.
DEFINE REAL T35 T312 T324.
DEFINE REAL T45 T412 T424.
DEFINE REAL T55 T512 T524.
DEFINE REAL T65 T612 T624.
DEFINE REAL T75 T712 T724.
DEFINE REAL T85 T812 T824.
DEFINE REAL T95 T912 T924.
DEFINE REAL T105 T1012 T1024.
DEFINE REAL T115 T1112 T1124.
DEFINE REAL T125 T1212 T1224.
DEFINE REAL T135 T1312 T1324.
DEFINE REAL T145 T1412 T1424.
DEFINE REAL TGL15 TGL112 TGL124.
DEFINE REAL TNA15 TNA112 TNA124.
DEFINE REAL TPR15 TPR112 TPR124.
DEFINE REAL TER15 TER112 TER124.

DEFINE REAL T12345 T123412 T123424.
DEFINE REAL T1345 T13412 T13424.
DEFINE REAL M1 M2 M3 M4 M5 M6 M7 M8 M9 M10 M11 M12 M13 M14 MGL MNA MPR MER.
DEFINE REAL M17 M18 M19 M20 M21.
SET FMSG OFF.
SET FERR OFF.
TYPE "     ".
TYPE "     ".
TYPE "     ".
TYPE "PLEASE ENTER START DATE (X22 FORMAT) ".
ACCEPT STRT.
TYPE "     ".
TYPE "     ".
TYPE "     ".
TYPE "PLEASE ENTER STOP DATE (X22 FORMAT) ".
ACCEPT STP.
TYPE "     ".
TYPE "     ".
TYPE "     ".
TYPE "PLEASE ENTER CONTROL GROUP NUMBER ".
ACCEPT NHN.
TYPE "     ".
TYPE "     ".
TYPE "     ".
TYPE "PLEASE ENTER SEVERITY ".
ACCEPT SV.
TYPE "     ".
TYPE "     ".
TYPE "     ".
TYPE "ASSURE PRINTER ECHO IS ON AND DEPRESS ENTER <CONTINUE> ".
PAGE 1-2			SV1LST.DMC     THU 27-JUL-95 10:09

ACCEPT DM$.
TYPE "     ".
TYPE "     ".
TYPE "     ".
DPL START.
TYPE "BT TYMNET".
TYPE "QUALITY ASSURANCE REPORT".
TYPE "MTTR REPORT".
TYPE "SEVERITY LEVEL I CLOSEOUT TIMES".
TYPE "=====================================================================".
TYPE "   ".
TYPE "------------------".
TYPE "EUROPE            ".
TYPE "------------------".
F SVER EQ SV DUP GE STRT AND LE STP HN EQ NHN.
SAVE XXXXX.
EV TOTER EQ MAX SYSRECNO.
EV MER EQ MEAN ELM/60.
TYPE "   ".
TYPE "---------------------------------------------------------------------".
TYPE "   ".
TYPE "MEAN ELM   --------------------------------> " MER.
TYPE "   ".
SORT ELM.
GETREC RER1 TOTER/2.
RER1: TYPE "MEDIAN ELM --------------------------------> " ELM/60.
TYPE "   ".
TYPE "---------------------------------------------------------------------".
TYPE "   ".

F ELM LE 300 FILE XXXXX.
EV TER15 EQ MAX SYSRECNO.
F ELM GT 300 AND LE 600 FILE XXXXX.
EV TER112 EQ MAX SYSRECNO.
F ELM GT 600 AND LE 1440 FILE XXXXX.
EV TER124 EQ MAX SYSRECNO.
TYPE "   ".
TYPE "TOTAL TICKETS FOUND -----------------------> " TOTER.
TYPE "   ".
TYPE "% CLOSED <= 5 HOURS  -----------------------> " (TER15/TOTER)*100 "%".
TYPE "   ".
TYPE "% CLOSED >  5 HOURS <= 10 HOURS ------------> " (TER112/TOTER)*100 "%".
TYPE "   ".
TYPE "% CLOSED > 10 HOURS <= 24 HOURS ------------> " (TER124/TOTER)*100 "%".
TYPE "   ".
TYPE "   ".
TYPE "   ".
TYPE "TKT#   PROD  COC        RE         ELM (HRS.)".
TYPE "----   ----  ---        --         ----------".
F TNUM NE 0 FILE XXXXX.
SORT ELM.
TYPE TNUM PROD COC RE ELM/60.

TYPE "   ".

CLOSE.
DPL END.
QUIT.
PAGE 1-3			SV1LST.DMC     THU 27-JUL-95 10:09


PAGE 1-1			AUTO.DMC     THU 27-JUL-95 10:09

SET PROMPT TEXT "X22>>"
PAGE 1-1			LSTFB6.DMC     THU 27-JUL-95 10:09

TYPE "STARTING...".
TYPE TNUM SDAT TIME NDAT NTIM RS STAT MAINT SVER PROB COC WHO FORMAT I8 I5 I11 I5 I11 I1 A5 A5 I1 A5 I3 A3 END.
PAGE 1-1			PRTFB3.DMC     THU 27-JUL-95 10:09

PRINT TNUM SVER MAINT HN SDAT CNAM COMMNT DUP FORMAT I8 I1 A5 I2 I5 A15 A20 I5 END.
PAGE 1-1			PRTM2.DMC     THU 27-JUL-95 10:09

PRINT ON 1  MAX TNUM ORDER TIME WHO RS STAT UNAM SDAT STYP FORMAT I8 I5 A5 A3 I1 A5 A10 I5 A1 END.
PAGE 1-1			LSTD7.DMC     THU 27-JUL-95 10:09

TYPE TNUM "0"   SDAT TIME NDAT NTIM MAINT FORMAT I8 A5  I5 I11 I5 I11 A5 END.
    Jd)zä