 
  MCI 
  DSD / DSO 
  CRC / MTTR QUALITY REPORT 
  SVER. LVL. 1
 
  ----------------------------------------------- 
  NUMBER OF INCIDENTS =   29
 
  ----------------------------------------------- 
  MEAN TIME TO REPAIR (MIN.) =   271.97
 
  ----------------------------------------------- 
  % <= 2 HRS. =     51.72
 
  ----------------------------------------------- 
  % < 5 HRS. =     72.41
 
  --------------------------------------- 
  TKT #    REPT PROB    CLOSE CODE   ELM (HRS) 
  -------- ----------   ----------   --------- 
  695832   SLOW RESP.   DIGITAL       36.1
 
  696258   HOST SHUT    UNSCHD OUT    19.0
 
  696370   IPX PORT     NTF/CWT        6.1
 
  696463   IPX PORT     DGTL MODEM     5.3
 
  696465   HOST SHUT    HWARE/VNDR     9.6
 
  696483   HOST SHUT    UNSCHD OUT    11.3
 
  696528   OTHER        CWT            4.3
 
  696539   OTHER        SLOT H&E       6.0
 
  696551   HOST SHUT    DIGITAL        8.5
 
  696565   NODE DOWN    NODE RLOD      3.5
 
  696748   NODE DOWN    CUST. SITE     2.4
 
  696840   IPX PORT     OP/PCDR ER     3.2
 
  696844   HOST SHUT    SWARE/VNDR     2.1
 
  696859   IPX PORT     UNSCHD OUT     2.1
