 
  BT NORTH AMERICA 
  CUSTOMER SERVICE & SUPPORT 
  MTTR QUALITY REPORT 
  SVER. LVL. 1
 
  ----------------------------------------------- 
  NUMBER OF INCIDENTS =  777
 
  ----------------------------------------------- 
  MEAN TIME TO REPAIR (MIN.) =   758.25
 
  ----------------------------------------------- 
  % <= 5 HRS. =     79.67
 
  ----------------------------------------------- 
  % > 10 HRS. =     87.26
 
  --------------------------------------- 
  TKT #    REPT PROB    CLOSE CODE   ELM (HRS) 
  -------- ----------   ----------   --------- 
  683948   NODE DOWN    REF-OTH-TK    13.1
 
  684252   LEASE LINE   DIGITAL        8.5
 
  681047   OTHER        CABLE        311.1
 
  683917   IPX PORT     HWARE/VNDR    70.6
 
  684257   IPX PORT     DIGITAL       15.3
 
  684365   NODE DOWN    TRACKING       8.0
 
  684372   NODE DOWN    TRACKING       8.5
 
  684549   NO CARRIER   DIGITAL       12.7
 
  684592   HOST DOWN    ANALOG         7.4
 
  684443   HOST SHUT    DIGITAL        7.1
 
  684593   OTHER        T-1           48.8
 
  684654   OTHER        BRDG/RTR      22.9
 
  684679   OTHER        OP/PCDR ER    29.5
 
  684862   OTHER        DIGITAL        5.9
 
  684872   OTHER        REF-OTH-TK    21.1
 
  685461   IPX PORT     DOWNTIME       5.2
 
  684968   OTHER        TRACKING      92.5
 
  685235   NODE DOWN    PWR SUPPLY     6.6
 
  685281   NODE DOWN    DIGITAL       68.0
 
  685775   OTHER        NTF/CWT       12.8
 
  680214   HOST SHUT    SWARE CNFG   446.0
 
  684333   OTHER        VALIDATION   163.9
 
  685171   OTHER        VALIDATION    94.7
 
  685489   OTHER        DIGITAL       12.4
 
  685501   OTHER        NTF/CWT       16.8
 
  685772   NODE DOWN    PROJECT       13.0
 
  685791   SLOW RESP.   DIGITAL       21.3
 
  685798   NODE DOWN    CUST. SITE     5.1
 
  685808   RNA          TRACKING       9.1
 
  685850   NODE DOWN    CUST. SITE     7.7
 
  686083   NODE DOWN    PROJECT        8.2
 
  685182   OTHER        DOWNTIME     124.6
 
  685271   HOST SHUT    REPL/ENGN     46.0
 
  685296   NODE DOWN    PROJECT       10.4
 
  685779   OTHER        CFG GL EXC    45.1
 
  685846   DIALCOM      VALIDATION    24.3
 
  686218   HOST SHUT    OP/PCDR ER     7.7
 
  686253   OTHER        DIGITAL       10.0
 
  686377   LEASE LINE   HUMAN ERR      6.0
 
  686508   OTHER        DIGITAL        5.1
 
  686142   NODE DOWN    PROJECT       40.6
 
  686785   OTHER        NTF/CWT        8.4
 
  685168   OTHER        VALIDATION   174.3
 
  685745   OTHER        VALIDATION   101.2
 
  687058   NODE DOWN    PROJECT        5.7
 
  685078   LEASE LINE   TRACKING      12.7
 
  685291   OTHER        PROJECT        9.1
 
  687084   IPX PORT     NTF/CWT        8.0
 
  685666   OTHER        DIGITAL        5.6
 
  684586   LEASE LINE   CWT           22.0
 
  685159   NODE DOWN    TRACKING     245.4
 
  687527   NODE DOWN    CUST. SITE     6.0
 
  687799   NODE DOWN    TRACKING       5.6
 
  687814   OTHER        REF-OTH-TK     5.3
 
  658147   OTHER        TRACKING    2696.2
 
  685116   OTHER        PROJECT      285.3
 
  686070   OTHER        NONE          23.4
 
  687277   OTHER        IPX PORT      94.6
 
  687583   NODE DOWN    NTF/CWT       21.4
 
  687629   OTHER        BOARD          8.5
 
  687754   NODE DOWN    NTF/CWT       16.9
 
  687876   HOST SHUT    IRC/PTT        8.1
 
  687947   OTHER        BOARD         13.4
 
  687955   LEASE LINE   NTF/CWT       13.0
 
  687984   OTHER        IPX PORT      19.6
 
  688000   NODE DOWN    CWT           21.6
 
  688075   IPX PORT     CONFIG CHG    22.2
 
  688184   OTHER        NTF/CWT       18.4
 
  688268   IPX PORT     DIGITAL       12.2
 
  688377   IPX PORT     NTF/CWT       14.6
 
  688378   NODE DOWN    NTF/CWT       14.2
 
  687919   LEASE LINE   ANALOG        11.9
 
  688266   SLOW RESP.   DIGITAL        9.2
 
  688329   IPX PORT     NTF/CWT       29.0
 
  688804   OTHER        NTF/CWT        8.4
 
  687793   OTHER        PROJECT       18.5
 
  688111   NODE DOWN    TRACKING      41.3
 
  688719   IPX PORT     T-1           50.7
 
  689109   IPX PORT     REF-OTH-TK     6.9
 
  689130   OTHER        PWR SUPPLY    10.0
 
  689175   OTHER        DGTL MODEM    19.8
 
  689372   SLOW RESP.   DEADENDED      7.4
 
  685636   OTHER        BOARD         11.5
 
  687740   NODE DOWN    DIGITAL       18.0
 
  684955   NO CARRIER   CABLE        430.0
 
  688270   OUTDIAL      DOCUMENTN      6.6
 
  689368   IPX PORT     ANALOG         9.6
 
  689508   NODE DOWN    CHANGE        14.3
 
  689640   NODE DOWN    PROJECT       12.0
 
  689680   IPX PORT     TRACKING      10.4
 
  689682   IPX PORT     CUST. SITE    10.2
 
  689684   NODE DOWN    CUST. SITE     9.6
 
  689706   OTHER        REF-OTH-TK     5.6
 
  689949   OTHER        DOWNTIME       5.4
 
  689969   HOST SHUT    TRACKING       5.4
 
  688179   OTHER        CABLE         33.9
 
  689951   NODE DOWN    SCHD OUT       5.5
 
  689962   NODE DOWN    ANALOG        39.3
 
  689966   SLOW RESP.   DIAL-UP       28.8
 
  689978   OTHER        BOARD          5.6
 
  690136   HOST SHUT    DGTL MODEM     7.6
 
  690252   LEASE LINE   CHANGE        12.8
 
  690300   OTHER        REF-OTH-TK    13.5
 
  690318   NODE DOWN    CUST. SITE     9.2
 
  687237   OTHER        DOWNTIME     290.4
 
  689456   OTHER        CFG GL EXC    27.4
 
  689802   IPX PORT     NTF/CWT       40.6
 
  690338   NODE DOWN    ASYC MODEM     7.4
 
  690588   NODE DOWN    NTF/CWT        5.9
 
  690710   OTHER        TRACKING      10.0
 
  690761   OTHER        REPL/ENGN      5.2
 
  688002   OTHER        TRACKING     182.7
 
  689400   OTHER        REF-OTH-TK   149.6
 
  690698   OTHER        HUMAN ERR     23.3
 
  688407   OTHER        DIGITAL       20.4
 
  690498   HOST SHUT    DIGITAL       13.3
 
  690772   SLOW RESP.   CABLE         33.7
 
  691085   OTHER        ANALOG        13.6
 
  686526   OTHER        NTF/CWT        7.1
 
  687983   OTHER        NTF/CWT        6.9
 
  689674   NODE DOWN    NODE RLOD     10.5
 
  687377   OTHER        DIAL-UP      119.4
 
  690557   OTHER        CFG GL EXC   142.3
 
  690826   OTHER        MO.INF.REQ     5.9
 
  690944   IPX PORT     DIGITAL        9.4
 
  691133   NODE DOWN    REF-OTH-TK     7.2
 
  691825   HOST DOWN    DIGITAL        7.1
 
  691826   OTHER        DIGITAL        6.1
 
  691873   OTHER        PROJECT        5.5
 
  685901   LEASE LINE   PROJECT       15.3
 
  691030   SLOW RESP.   OP/PCDR ER     7.3
 
  691052   OTHER        SLT RLOD      24.2
 
  691266   HOST SHUT    IRC/PTT       98.0
 
  691495   IPX PORT     PWR SUPPLY    12.2
 
  691635   LEASE LINE   ANALOG        21.3
 
  691832   OTHER        VRSN UPGRD    24.8
 
  692013   IPX PORT     DIGITAL        5.2
 
  692012   IPX PORT     TRACKING       6.9
 
  688653   NODE DOWN    BOARD         13.7
 
  691656   LEASE LINE   REF-OTH-TK    26.5
 
  691890   OTHER        BOARD          8.9
 
  691887   LEASE LINE   DIGITAL       30.9
 
  692131   IPX PORT     DIGITAL       10.4
 
  692342   IPX PORT     BRDG/RTR       9.4
 
  685227   NO CARRIER   ANALOG        11.9
 
  686949   OTHER        REF-OTH-TK   485.4
 
  690007   OTHER        HWARE/VNDR    46.8
 
  692034   IPX PORT     ANALOG        10.6
 
  692330   IPX PORT     ANALOG        10.6
 
  692376   LEASE LINE   PERIPHERAL    15.9
 
  692559   OTHER        ANALOG        12.3
 
  692567   OTHER        PWR SUPPLY    27.7
 
  692577   OTHER        NONE          25.7
 
  687618   OTHER        DIGITAL       14.4
 
  690753   OTHER        IRC/PTT        7.6
 
  691454   NODE DOWN    CONFIG CHG    23.3
 
  692751   LEASE LINE   ASYC MODEM     8.9
 
  685802   OTHER        TRACKING      11.6
  