 
  MCI 
  DATA SERVICE DIVISION 
  DATA SERVICE OPERATIONS 
  SVER. LVL. I, II, III / OPEN GNS TKTS 
  ----------------------------------------------- 
  TOTAL # OF TICKETS                =        48
 
  TOTAL TICKETS WITH CUSTOMER TIME  =        39
 
  TOTAL OUTAGE TIME (HRS)           =      2600.32
 
  TOTAL CUSTOMER TIME (HRS)         =     3065
 
  AVERAGE OUTAGE TIME (HRS)         =        54.17
 
  AVERAGE CUSTOMER TIME (HRS)       =        78.00
 
  ----------------------------------------------- 
  OUTAGES > 2 HOUR MTTR 
  ----------------------------------------------- 
  % <= 2 HRS. =      4.17
 
  ----------------------------------------------- 
  % < 5 HRS. =      4.17
 
  --------------------------------------- 
  CUSTOMER         TKT #     SEVERITY  REPORTED PROBLEM         OPENED 
  --------         ----      --------  ----------------  ---------------     
 CENTER FOR CLAI   676016       1      HOST SHUT          9/30/95  21:46
 MCI               676010       1      NODE DOWN          9/30/95  18:59
 DOW JONES         675952       1      HOST SHUT          9/30/95   5:57
 EASTMAN CHEMICA   675928       1      HOST SHUT          9/30/95   2:26
 LLOYD'S REGISTE   675870       1      LEASE LINE         9/29/95  19:23
 MCI               675823       1      NODE DOWN          9/29/95  16:22
 WARNER CHAPE      675794       1      HOST SHUT          9/29/95  15:14
 XEROX             675457       2      GARBAGE            9/28/95  18:30
 FIDELITY          676002       2      RNA                9/30/95  16:46
 MCI/CA            675547       2      RNA                9/29/95   1:10
 MCI               675994       2      TONE, NR           9/30/95  14:41
 FIDELITY          675986       2      NR TO TID          9/30/95  14:01
 ENDSUSER          675984       2      USER DRPD.         9/30/95  13:55
 AOL               675970       2      OTHER              9/30/95   9:25
 PORTSWEEPS        675969       2      RNA                9/30/95   9:24
 FREEMONT DATA S   675836       2      PERIPHERAL         9/29/95  17:08
 CITIBANK          675847       2      OTHER              9/29/95  17:45
 PORTSWEEPS        675968       2      RNA                9/30/95   9:15
 PORTSWEEPS        675967       2      BUSY               9/30/95   9:02
 HARPER GROUP      673904       2      OTHER              9/23/95   0:50
 MCGRAW HILL       675873       2      RNA                9/29/95  19:36
 PRODIGY           675872       2      USER DRPD.         9/29/95  19:31
 ETS               673871       2      OTHER              9/22/95  21:00
 ENDUSER AOL       675908       2      RNA                9/29/95  23:51
 WILLOUGHBY'S      675898       2      CUST INQRY         9/29/95  21:34
 AOL               675891       2      NR TO TID          9/29/95  20:14
 TRANSAMMONIA      675896       2      NO CARRIER         9/29/95  21:08
 CUNA MUTUAL       675892       3      PAP PROB.          9/29/95  20:16
 RNET              675881       3      OTHER              9/29/95  06:00
 BUDGET/SPOKANE    675904       3      OTHER              9/29/95  23:36
 RNET              675918       3      OTHER              9/29/95  06:00
 RNET              675919       3      OTHER              9/29/95  06:00
 RNET              675921       3      OTHER              9/29/95  06:00
 RNET              675922       3      OTHER              9/29/95  06:00
 RNET              675923       3      OTHER              9/29/95  06:00
 SAMPLER PUB.      673863       3      CUST INQRY         9/22/95  20:23
 MCI               675865       3      CUST INQRY         9/29/95  19:02
 FIDELITY          675855       3      OTHER              9/29/95  18:12
 IBM               674752       3      OTHER              9/26/95  15:53
 FORD              675033       3      OTHER              9/27/95  13:12
 FIDELITY          675786       3      OTHER              9/29/95  14:58
 FORD              675775       3      INTL. ACC.         9/29/95  14:33
 KAISER SUNSET     675561       3      OTHER              9/29/95   3:05
 FORD              675546       3      OTHER              9/29/95   0:58
 MCDONNEL DOUGLA   673510       3      DIALCOM            9/21/95  16:53
 MCI               671589       3      OTHER              9/14/95  14:55
