 
  BT NORTH AMERICA 
  CUSTOMER SERVICE & SUPPORT 
  MTTR QUALITY REPORT 
  SVER. LVL. 1
 
  ----------------------------------------------- 
  NUMBER OF INCIDENTS =  248
 
  ----------------------------------------------- 
  MEAN TIME TO REPAIR (MIN.) =  1785.37
 
  ----------------------------------------------- 
  % <= 5 HRS. =     94.35
 
  ----------------------------------------------- 
  % > 10 HRS. =     95.97
 
  --------------------------------------- 
  TKT #    REPT PROB    CLOSE CODE   ELM (HRS) 
  -------- ----------   ----------   --------- 
  684231   RTR DOWN     CHANGE         7.9
 
  684500   OTHER        ANALOG        20.3
 
  684460   OTHER        TRACKING       7.5
 
  614284   NODE DOWN    TRACKING    6652.1
 
  685716   IPX PORT     CABLE         12.4
 
  687136   OTHER        TRACKING       5.9
 
  685067   IPX PORT     DIGITAL       45.7
 
  688674   OTHER        ANALOG        28.5
 
  689886   SLOW RESP.   SETUP PROB    22.7
 
  687779   OTHER        HWARE/VNDR    59.1
 
  690625   HOST SHUT    NTF/CWT       19.5
 
  691548   HOST SHUT    ASYC MODEM     5.9
 
  691728   NO CARRIER   DIGITAL       54.1
 
  690694   OTHER        CONFIG CHG   162.4
