 
  MCI 
  DSD / DSO 
  CS 800 / MTTR QUALITY REPORT 
  SVER. LVL. 1
 
  ----------------------------------------------- 
  NUMBER OF INCIDENTS =  558
 
  ----------------------------------------------- 
  MEAN TIME TO REPAIR (MIN.) =   196.59
 
  ----------------------------------------------- 
  % <= 2 HRS. =     62.90
 
  ----------------------------------------------- 
  % < 5 HRS. =     81.36
 
  --------------------------------------- 
  TKT #    REPT PROB    CLOSE CODE   ELM (HRS) 
  -------- ----------   ----------   --------- 
  684437   HOST SHUT    SYNC MODEM     7.2
 
  684392   HOST SHUT    ANALOG         4.2
 
  684873   HOST SHUT    HWARE/VNDR     4.4
 
  684962   HOST SHUT    ANALOG         2.7
 
  685002   RNA          PWR SUPPLY     6.2
 
  685010   IPX PORT     SYNC MODEM     2.5
 
  684959   HOST SHUT    SYNC MODEM     4.4
 
  685039   HOST SHUT    SYNC MODEM     4.6
 
  684196   OTHER        P/L RESET      3.8
 
  685285   HOST SHUT    DOWNTIME       2.3
 
  685328   RTR DOWN     OP/PCDR ER     3.4
 
  685355   HOST SHUT    ANALOG         5.6
 
  685373   SLOW RESP.   CONFIG CHG     3.8
 
  685080   RTR DOWN     DIGITAL       21.2
 
  685493   HOST DOWN    NODE RLOD      3.6
 
  685519   HOST SHUT    SYNC MODEM     5.5
 
  685598   HOST SHUT    PWR SUPPLY     6.2
 
  685601   HOST SHUT    PWR SUPPLY     6.1
 
  685667   HOST SHUT    HWARE/VNDR     3.2
 
  685026   OTHER        HWARE/VNDR    15.8
 
  685298   HOST SHUT    ANALOG         5.9
 
  685309   IPX PORT     CHANGE         8.0
 
  685362   HOST SHUT    NTF/CWT        6.6
 
  685391   HOST SHUT    ANALOG         7.8
 
  685889   HOST SHUT    CWT            4.2
 
  685908   HOST SHUT    ANALOG        11.5
 
  686073   HOST MSSNG   CWT            3.2
 
  686106   OTHER        UNSCHD OUT     2.2
 
  686338   HOST SHUT    CABLE          3.7
 
  686208   HOST SHUT    ANALOG         7.9
 
  686339   HOST SHUT    CABLE          3.2
 
  686350   IPX PORT     CWT           15.1
 
  686370   CUST INQRY   ANALOG         2.4
 
  686369   HOST SHUT    OP/PCDR ER     9.5
 
  686393   HOST SHUT    OP/PCDR ER     6.1
 
  686417   HOST SHUT    DIGITAL        6.5
 
  686439   HOST SHUT    OP/PCDR ER     7.8
 
  686635   HOST SHUT    REF-OTH-TK     2.6
 
  686648   OTHER        OP/PCDR ER     6.3
 
  686662   HOST SHUT    SWARE/VNDR     5.2
 
  685004   HOST SHUT    CONFIG CHG     5.7
 
  685060   SLOW RESP.   DOCUMENTN      3.6
 
  686297   RTR DOWN     CWT            2.2
 
  686304   HOST SHUT    ANALOG         7.9
 
  686325   SLOW RESP.   CWT            3.1
 
  686365   HOST SHUT    ANALOG        19.2
 
  686618   OTHER        NTF/CWT       12.5
 
  686686   HOST SHUT    BOARD          4.3
 
  686830   HW/MS LINK   NODE RLOD      4.2
 
  686976   USER DRPD.   NTF/CWT        2.1
 
  687048   OTHER        CONFIG CHG     4.3
 
  687053   HOST SHUT    ANALOG         2.7
 
  683517   IPX PORT     BOARD          3.5
 
  686069   HOST SHUT    PROJECT       14.6
 
  686770   HOST SHUT    SLT RLOD       4.1
 
  687103   OTHER        CONFIG CHG     4.8
 
  687161   HOST SHUT    ANALOG         3.4
 
  687297   HOST SHUT    CFG GL EXC     4.9
 
  687344   CUST INQRY   SYNC MODEM     4.1
 
  687356   HOST DOWN    T-1            2.5
 
  687364   HOST SHUT    T-1            2.4
 
  687378   OTHER        SYNC MODEM     4.2
 
  687524   NODE DOWN    CWT            2.2
 
  687545   HOST SHUT    DOWNTIME       4.4
 
  687025   BUSY         SLT RLOD       5.9
 
  687632   USER DRPD.   PWR SUPPLY    10.2
 
  687663   HOST SHUT    HUMAN ERR      3.7
 
  687707   HOST DOWN    SYNC MODEM     3.7
 
  684709   OTHER        SLT RLOD      10.8
 
  687184   CHRONIC      ANALOG         8.8
 
  687336   HOST SHUT    NODE RLOD      7.6
 
  687578   RNA          UNSCHD OUT     9.1
 
  687889   HOST SHUT    SWARE/VNDR     2.1
 
  687890   HOST DOWN    NTF/CWT        7.0
 
  687974   HOST SHUT    NODE RLOD      4.1
 
  687989   HOST SHUT    HWARE/VNDR     5.7
 
  685038   OTHER        ANALOG        27.8
 
  685194   OTHER        NODE RLOD      7.3
 
  686464   RTR DOWN     CWT            4.5
 
  686696   IPX PORT     DOCUMENTN      5.4
 
  686724   IPX PORT     IPX FAIL       2.4
 
  686925   SLOW RESP.   SWARE/VNDR     7.7
 
  687126   HOST SHUT    CABLE         14.3
 
  687388   SLOW RESP.   P/L RESET      3.0
 
  687927   OTHER        NTF/CWT        4.1
 
  687938   GARBAGE      ASYC MODEM     8.9
 
  687949   HOST SHUT    REF-OTH-TK    13.9
 
  688105   HOST SHUT    NTF/CWT        3.7
 
  688215   OTHER        DIGITAL       17.4
 
  688260   HOST SHUT    DIGITAL        5.1
 
  688366   HOST SHUT    NTF/CWT        5.3
 
  688607   OTHER        ANALOG         9.4
 
  688518   HOST SHUT    REF-OTH-TK     5.0
 
  688657   OTHER        OP/PCDR ER     5.0
 
  688665   IPX PORT     PROJECT        3.3
 
  688716   HOST SHUT    OP/PCDR ER     7.0
 
  688819   OTHER        OP/PCDR ER     4.6
 
  688064   RNA          ASYC MODEM     3.4
 
  688895   HOST SHUT    HUMAN ERR     12.8
 
  688903   HOST SHUT    DOCUMENTN     12.1
 
  689070   RTR DOWN     SWARE CNFG     2.6
 
  689112   IPX PORT     KNWN PTCH      4.4
 
  689129   CUST INQRY   HWARE/VNDR     3.5
 
  689157   HOST SHUT    NTF/CWT        2.4
 
  689127   RNA          NODE RLOD      7.2
 
  689132   HOST SHUT    ANALOG         5.9
 
  689259   LEASE LINE   ANALOG         2.9
 
  689261   PAP PROB.    SLOT H&E       3.3
 
  689289   HOST SHUT    SLOT H&E       3.6
 
  689497   OTHER        CONFIG CHG     2.9
 
  689502   HOST SHUT    ASYC MODEM     4.6
 
  689510   GARBAGE      P/L RESET      2.4
 
  689564   HOST SHUT    SLOT H&E       3.9
 
  689295   OTHER        DIGITAL        9.8
 
  689799   HOST SHUT    HWARE/VNDR     8.4
 
  687917   HOST SHUT    ANALOG         7.6
 
  687990   LEASE LINE   CABLE          8.6
 
  688394   USER DRPD.   SWARE/VNDR     8.8
 
  689327   IPX PORT     DIGITAL        6.2
 
  689481   OTHER        CWT            2.9
 
  689526   HOST SHUT    CWT            9.9
 
  689560   USER DRPD.   REF-OTH-TK     3.3
 
  689596   HOST SHUT    T-1           15.0
 
  689613   NODE RSTRT   NODE RLOD      4.6
 
  689627   OTHER        NTF/CWT        3.3
 
  689775   NODE DOWN    NODE RLOD      3.8
 
  690086   IPX PORT     CFG GL EXC     4.3
 
  688423   HOST SHUT    SLOT H&E       3.4
 
  689926   NODE DOWN    VENDOR         2.6
 
  690141   HOST SHUT    ANALOG        11.1
 
  690140   SLOW RESP.   T-1            2.8
 
  690213   HOST SHUT    DOWNTIME       6.7
 
  690241   OTHER        PERIPHERAL     4.7
 
  690289   OTHER        IPX PORT       5.8
 
  690489   HOST SHUT    SYNC MODEM     4.1
 
  688203   HOST DOWN    SLT RLOD      11.6
 
  689005   HOST SHUT    HWARE/VNDR     4.1
 
  689586   HOST SHUT    UNSCHD OUT     3.7
 
  690280   HOST SHUT    REF-OTH-TK    11.5
 
  690446   OTHER        NONE           2.3
 
  690562   NODE DOWN    DGTL MODEM     3.5
 
  690577   SLOW RESP.   CWT            4.9
 
  690586   HOST SHUT    DIGITAL        3.9
 
  690620   HOST SHUT    NTF/CWT        2.3
 
  690689   HOST SHUT    NTF/CWT        3.8
 
  687834   NO CARRIER   UNSPPRTD       4.0
 
  690804   HOST SHUT    VENDOR         6.2
 
  691018   NODE DOWN    HUMAN ERR      2.4
 
  691116   HOST MSSNG   SLT RLOD       2.6
 
  690823   HOST SHUT    ASYC MODEM     5.1
 
  691162   HOST SHUT    DGTL MODEM     8.0
 
  691385   HOST SHUT    DGTL MODEM     2.1
 
  691398   RNA          NODE RLOD      7.2
 
  691490   HOST SHUT    CWT            4.8
 
  691492   OTHER        BOARD          5.3
 
  690092   HOST SHUT    SYNC MODEM    16.3
 
  690371   SLOW RESP.   CONFIG CHG     5.2
 
  690855   OTHER        OP/PCDR ER     4.2
 
  691807   LEASE LINE   NODE RLOD     10.5
 
  689530   OTHER        NONE           3.8
 
  690053   NODE DOWN    NODE RLOD      6.7
 
  691100   LEASE LINE   ANALOG         3.5
 
  691654   HOST DOWN    BOARD         15.5
 
  691900   HOST SHUT    CWT            2.3
 
  691987   NODE DOWN    REPL/ENGN     13.0
 
  691990   OTHER        VENDOR        24.2
 
  691999   HOST SHUT    NTF/CWT        2.8
 
  692023   HOST SHUT    HWARE/VNDR    19.1
 
  692033   OTHER        UNSCHD OUT    11.3
 
  692222   HOST SHUT    REF-OTH-TK     6.2
 
  692227   HOST SHUT    OP/PCDR ER     4.4
 
  692300   OTHER        SWARE/VNDR     2.1
 
  685383   OTHER        REF-OTH-TK    54.0
 
  690476   IPX PORT     PERIPHERAL    11.2
 
  690746   OTHER        NTF/CWT        4.3
 
  691813   NODE RSTRT   NODE RLOD     10.1
 
  692026   LEASE LINE   DOWNTIME      14.7
 
  692025   USER DRPD.   NTF/CWT       21.6
 
  692232   HOST SHUT    ANALOG        26.3
 
  692272   OTHER        DIGITAL       17.9
 
  692261   IPX PORT     NTF/CWT       13.5
 
  692299   HOST SHUT    CWT            2.6
 
  692467   OTHER        SLOT H&E       2.6
 
  692605   HOST SHUT    DIAL-UP        5.2
 
  692703   HOST SHUT    NTF/CWT        2.7
 
  687427   HOST SHUT    SLT RLOD       2.2
 
  689153   IPX PORT     BOARD         10.8
 
  691566   HOST DOWN    IPX PORT      63.3
 
  692002   HOST SHUT    CHANGE        14.3
 
  692221   RNA          DIAL-UP        5.1
 
  692236   HOST SHUT    BT PAD        16.3
 
  692242   HOST SHUT    HWARE/VNDR    14.7
 
  692287   IPX PORT     CONFIG CHG    10.1
 
  692314   HOST SHUT    HWARE/VNDR    21.8
 
  692358   OTHER        NTF/CWT       10.4
 
  692581   HOST SHUT    CONFIG CHG    16.9
 
  692666   IPX PORT     SETUP PROB    25.3
 
  690685   GARBAGE      T-1            4.2
 
  690690   SLOW RESP.   NONE           5.7
 
  690695   RTR DOWN     CWT           12.4
 
  691511   OTHER        CWT           14.8
 
  691998   IPX PORT     DIGITAL       19.9
 
  692370   HOST SHUT    OP/PCDR ER    10.2
 
  692642   HOST SHUT    CWT           13.0
 
  693007   CUST INQRY   CONFIG CHG     4.6
 
  692990   IPX PORT     DIGITAL        3.1
 
  693077   HOST SHUT    ASYC MODEM     2.1
 